Archive member included to satisfy reference by file (symbol)

/Applications/STM32CubeIDE.app/Contents/Eclipse/plugins/com.st.stm32cube.ide.mcu.externaltools.gnu-tools-for-stm32.13.3.rel1.macos64_1.0.0.202411102158/tools/bin/../lib/gcc/arm-none-eabi/13.3.1/../../../../arm-none-eabi/lib/thumb/v8-m.main+fp/hard/libc_nano.a(libc_a-exit.o)
                              /Applications/STM32CubeIDE.app/Contents/Eclipse/plugins/com.st.stm32cube.ide.mcu.externaltools.gnu-tools-for-stm32.13.3.rel1.macos64_1.0.0.202411102158/tools/bin/../lib/gcc/arm-none-eabi/13.3.1/../../../../arm-none-eabi/lib/thumb/v8-m.main+fp/hard/crt0.o (exit)
/Applications/STM32CubeIDE.app/Contents/Eclipse/plugins/com.st.stm32cube.ide.mcu.externaltools.gnu-tools-for-stm32.13.3.rel1.macos64_1.0.0.202411102158/tools/bin/../lib/gcc/arm-none-eabi/13.3.1/../../../../arm-none-eabi/lib/thumb/v8-m.main+fp/hard/libc_nano.a(libc_a-malloc.o)
                              ./Core/Src/main.o (malloc)
/Applications/STM32CubeIDE.app/Contents/Eclipse/plugins/com.st.stm32cube.ide.mcu.externaltools.gnu-tools-for-stm32.13.3.rel1.macos64_1.0.0.202411102158/tools/bin/../lib/gcc/arm-none-eabi/13.3.1/../../../../arm-none-eabi/lib/thumb/v8-m.main+fp/hard/libc_nano.a(libc_a-mallocr.o)
                              /Applications/STM32CubeIDE.app/Contents/Eclipse/plugins/com.st.stm32cube.ide.mcu.externaltools.gnu-tools-for-stm32.13.3.rel1.macos64_1.0.0.202411102158/tools/bin/../lib/gcc/arm-none-eabi/13.3.1/../../../../arm-none-eabi/lib/thumb/v8-m.main+fp/hard/libc_nano.a(libc_a-malloc.o) (_malloc_r)
/Applications/STM32CubeIDE.app/Contents/Eclipse/plugins/com.st.stm32cube.ide.mcu.externaltools.gnu-tools-for-stm32.13.3.rel1.macos64_1.0.0.202411102158/tools/bin/../lib/gcc/arm-none-eabi/13.3.1/../../../../arm-none-eabi/lib/thumb/v8-m.main+fp/hard/libc_nano.a(libc_a-mlock.o)
                              /Applications/STM32CubeIDE.app/Contents/Eclipse/plugins/com.st.stm32cube.ide.mcu.externaltools.gnu-tools-for-stm32.13.3.rel1.macos64_1.0.0.202411102158/tools/bin/../lib/gcc/arm-none-eabi/13.3.1/../../../../arm-none-eabi/lib/thumb/v8-m.main+fp/hard/libc_nano.a(libc_a-mallocr.o) (__malloc_lock)
/Applications/STM32CubeIDE.app/Contents/Eclipse/plugins/com.st.stm32cube.ide.mcu.externaltools.gnu-tools-for-stm32.13.3.rel1.macos64_1.0.0.202411102158/tools/bin/../lib/gcc/arm-none-eabi/13.3.1/../../../../arm-none-eabi/lib/thumb/v8-m.main+fp/hard/libc_nano.a(libc_a-findfp.o)
                              /Applications/STM32CubeIDE.app/Contents/Eclipse/plugins/com.st.stm32cube.ide.mcu.externaltools.gnu-tools-for-stm32.13.3.rel1.macos64_1.0.0.202411102158/tools/bin/../lib/gcc/arm-none-eabi/13.3.1/../../../../arm-none-eabi/lib/thumb/v8-m.main+fp/hard/libc_nano.a(libc_a-exit.o) (__stdio_exit_handler)
/Applications/STM32CubeIDE.app/Contents/Eclipse/plugins/com.st.stm32cube.ide.mcu.externaltools.gnu-tools-for-stm32.13.3.rel1.macos64_1.0.0.202411102158/tools/bin/../lib/gcc/arm-none-eabi/13.3.1/../../../../arm-none-eabi/lib/thumb/v8-m.main+fp/hard/libc_nano.a(libc_a-fwalk.o)
                              /Applications/STM32CubeIDE.app/Contents/Eclipse/plugins/com.st.stm32cube.ide.mcu.externaltools.gnu-tools-for-stm32.13.3.rel1.macos64_1.0.0.202411102158/tools/bin/../lib/gcc/arm-none-eabi/13.3.1/../../../../arm-none-eabi/lib/thumb/v8-m.main+fp/hard/libc_nano.a(libc_a-findfp.o) (_fwalk_sglue)
/Applications/STM32CubeIDE.app/Contents/Eclipse/plugins/com.st.stm32cube.ide.mcu.externaltools.gnu-tools-for-stm32.13.3.rel1.macos64_1.0.0.202411102158/tools/bin/../lib/gcc/arm-none-eabi/13.3.1/../../../../arm-none-eabi/lib/thumb/v8-m.main+fp/hard/libc_nano.a(libc_a-memset.o)
                              /Applications/STM32CubeIDE.app/Contents/Eclipse/plugins/com.st.stm32cube.ide.mcu.externaltools.gnu-tools-for-stm32.13.3.rel1.macos64_1.0.0.202411102158/tools/bin/../lib/gcc/arm-none-eabi/13.3.1/../../../../arm-none-eabi/lib/thumb/v8-m.main+fp/hard/crt0.o (memset)
/Applications/STM32CubeIDE.app/Contents/Eclipse/plugins/com.st.stm32cube.ide.mcu.externaltools.gnu-tools-for-stm32.13.3.rel1.macos64_1.0.0.202411102158/tools/bin/../lib/gcc/arm-none-eabi/13.3.1/../../../../arm-none-eabi/lib/thumb/v8-m.main+fp/hard/libc_nano.a(libc_a-sbrkr.o)
                              /Applications/STM32CubeIDE.app/Contents/Eclipse/plugins/com.st.stm32cube.ide.mcu.externaltools.gnu-tools-for-stm32.13.3.rel1.macos64_1.0.0.202411102158/tools/bin/../lib/gcc/arm-none-eabi/13.3.1/../../../../arm-none-eabi/lib/thumb/v8-m.main+fp/hard/libc_nano.a(libc_a-mallocr.o) (_sbrk_r)
/Applications/STM32CubeIDE.app/Contents/Eclipse/plugins/com.st.stm32cube.ide.mcu.externaltools.gnu-tools-for-stm32.13.3.rel1.macos64_1.0.0.202411102158/tools/bin/../lib/gcc/arm-none-eabi/13.3.1/../../../../arm-none-eabi/lib/thumb/v8-m.main+fp/hard/libc_nano.a(libc_a-errno.o)
                              ./Core/Src/syscalls.o (__errno)
[...]
Memory Configuration

Name             Origin             Length             Attributes
RAM              0x20000000         0x00270000         xrw
SRAM4            0x28000000         0x00004000         xrw
FLASH            0x08000000         0x00400000         xr
*default*        0x00000000         0xffffffff

Linker script and memory map

LOAD /Applications/STM32CubeIDE.app/Contents/Eclipse/plugins/com.st.stm32cube.ide.mcu.externaltools.gnu-tools-for-stm32.13.3.rel1.macos64_1.0.0.202411102158/tools/bin/../lib/gcc/arm-none-eabi/13.3.1/thumb/v8-m.main+fp/hard/crti.o
LOAD /Applications/STM32CubeIDE.app/Contents/Eclipse/plugins/com.st.stm32cube.ide.mcu.externaltools.gnu-tools-for-stm32.13.3.rel1.macos64_1.0.0.202411102158/tools/bin/../lib/gcc/arm-none-eabi/13.3.1/thumb/v8-m.main+fp/hard/crtbegin.o
LOAD /Applications/STM32CubeIDE.app/Contents/Eclipse/plugins/com.st.stm32cube.ide.mcu.externaltools.gnu-tools-for-stm32.13.3.rel1.macos64_1.0.0.202411102158/tools/bin/../lib/gcc/arm-none-eabi/13.3.1/../../../../arm-none-eabi/lib/thumb/v8-m.main+fp/hard/crt0.o
LOAD ./Core/Src/main.o
LOAD ./Core/Src/rhdinterface.o
LOAD ./Core/Src/rhdregisters.o
LOAD ./Core/Src/stm32u5xx_hal_msp.o
LOAD ./Core/Src/stm32u5xx_it.o
LOAD ./Core/Src/syscalls.o
LOAD ./Core/Src/sysmem.o
LOAD ./Core/Src/system_stm32u5xx.o
LOAD ./Core/Src/userfunctions.o
LOAD ./Core/Startup/startup_stm32u5a5zjtxq.o
LOAD ./Drivers/STM32U5xx_HAL_Driver/Src/stm32u5xx_hal.o
LOAD ./Drivers/STM32U5xx_HAL_Driver/Src/stm32u5xx_hal_cortex.o
LOAD ./Drivers/STM32U5xx_HAL_Driver/Src/stm32u5xx_hal_dma.o
LOAD ./Drivers/STM32U5xx_HAL_Driver/Src/stm32u5xx_hal_dma_ex.o
LOAD ./Drivers/STM32U5xx_HAL_Driver/Src/stm32u5xx_hal_exti.o
LOAD ./Drivers/STM32U5xx_HAL_Driver/Src/stm32u5xx_hal_flash.o
LOAD ./Drivers/STM32U5xx_HAL_Driver/Src/stm32u5xx_hal_flash_ex.o
LOAD ./Drivers/STM32U5xx_HAL_Driver/Src/stm32u5xx_hal_gpio.o
LOAD ./Drivers/STM32U5xx_HAL_Driver/Src/stm32u5xx_hal_gtzc.o
LOAD ./Drivers/STM32U5xx_HAL_Driver/Src/stm32u5xx_hal_i2c.o
LOAD ./Drivers/STM32U5xx_HAL_Driver/Src/stm32u5xx_hal_i2c_ex.o
LOAD ./Drivers/STM32U5xx_HAL_Driver/Src/stm32u5xx_hal_icache.o
LOAD ./Drivers/STM32U5xx_HAL_Driver/Src/stm32u5xx_hal_pwr.o
LOAD ./Drivers/STM32U5xx_HAL_Driver/Src/stm32u5xx_hal_pwr_ex.o
LOAD ./Drivers/STM32U5xx_HAL_Driver/Src/stm32u5xx_hal_rcc.o
LOAD ./Drivers/STM32U5xx_HAL_Driver/Src/stm32u5xx_hal_rcc_ex.o
LOAD ./Drivers/STM32U5xx_HAL_Driver/Src/stm32u5xx_hal_spi.o
LOAD ./Drivers/STM32U5xx_HAL_Driver/Src/stm32u5xx_hal_spi_ex.o
LOAD ./Drivers/STM32U5xx_HAL_Driver/Src/stm32u5xx_hal_tim.o
LOAD ./Drivers/STM32U5xx_HAL_Driver/Src/stm32u5xx_hal_tim_ex.o
LOAD ./Drivers/STM32U5xx_HAL_Driver/Src/stm32u5xx_hal_uart.o
LOAD ./Drivers/STM32U5xx_HAL_Driver/Src/stm32u5xx_hal_uart_ex.o
START GROUP
LOAD /Applications/STM32CubeIDE.app/Contents/Eclipse/plugins/com.st.stm32cube.ide.mcu.externaltools.gnu-tools-for-stm32.13.3.rel1.macos64_1.0.0.202411102158/tools/bin/../lib/gcc/arm-none-eabi/13.3.1/../../../../arm-none-eabi/lib/thumb/v8-m.main+fp/hard/libc_nano.a
LOAD /Applications/STM32CubeIDE.app/Contents/Eclipse/plugins/com.st.stm32cube.ide.mcu.externaltools.gnu-tools-for-stm32.13.3.rel1.macos64_1.0.0.202411102158/tools/bin/../lib/gcc/arm-none-eabi/13.3.1/../../../../arm-none-eabi/lib/thumb/v8-m.main+fp/hard/libm.a
END GROUP
START GROUP
LOAD /Applications/STM32CubeIDE.app/Contents/Eclipse/plugins/com.st.stm32cube.ide.mcu.externaltools.gnu-tools-for-stm32.13.3.rel1.macos64_1.0.0.202411102158/tools/bin/../lib/gcc/arm-none-eabi/13.3.1/thumb/v8-m.main+fp/hard/libgcc.a
LOAD /Applications/STM32CubeIDE.app/Contents/Eclipse/plugins/com.st.stm32cube.ide.mcu.externaltools.gnu-tools-for-stm32.13.3.rel1.macos64_1.0.0.202411102158/tools/bin/../lib/gcc/arm-none-eabi/13.3.1/../../../../arm-none-eabi/lib/thumb/v8-m.main+fp/hard/libc_nano.a
END GROUP
START GROUP
LOAD /Applications/STM32CubeIDE.app/Contents/Eclipse/plugins/com.st.stm32cube.ide.mcu.externaltools.gnu-tools-for-stm32.13.3.rel1.macos64_1.0.0.202411102158/tools/bin/../lib/gcc/arm-none-eabi/13.3.1/thumb/v8-m.main+fp/hard/libgcc.a
LOAD /Applications/STM32CubeIDE.app/Contents/Eclipse/plugins/com.st.stm32cube.ide.mcu.externaltools.gnu-tools-for-stm32.13.3.rel1.macos64_1.0.0.202411102158/tools/bin/../lib/gcc/arm-none-eabi/13.3.1/../../../../arm-none-eabi/lib/thumb/v8-m.main+fp/hard/libc_nano.a
LOAD /Applications/STM32CubeIDE.app/Contents/Eclipse/plugins/com.st.stm32cube.ide.mcu.externaltools.gnu-tools-for-stm32.13.3.rel1.macos64_1.0.0.202411102158/tools/bin/../lib/gcc/arm-none-eabi/13.3.1/../../../../arm-none-eabi/lib/thumb/v8-m.main+fp/hard/libnosys.a
END GROUP
START GROUP
LOAD /Applications/STM32CubeIDE.app/Contents/Eclipse/plugins/com.st.stm32cube.ide.mcu.externaltools.gnu-tools-for-stm32.13.3.rel1.macos64_1.0.0.202411102158/tools/bin/../lib/gcc/arm-none-eabi/13.3.1/thumb/v8-m.main+fp/hard/libgcc.a
LOAD /Applications/STM32CubeIDE.app/Contents/Eclipse/plugins/com.st.stm32cube.ide.mcu.externaltools.gnu-tools-for-stm32.13.3.rel1.macos64_1.0.0.202411102158/tools/bin/../lib/gcc/arm-none-eabi/13.3.1/../../../../arm-none-eabi/lib/thumb/v8-m.main+fp/hard/libc_nano.a
LOAD /Applications/STM32CubeIDE.app/Contents/Eclipse/plugins/com.st.stm32cube.ide.mcu.externaltools.gnu-tools-for-stm32.13.3.rel1.macos64_1.0.0.202411102158/tools/bin/../lib/gcc/arm-none-eabi/13.3.1/../../../../arm-none-eabi/lib/thumb/v8-m.main+fp/hard/libnosys.a
END GROUP
LOAD /Applications/STM32CubeIDE.app/Contents/Eclipse/plugins/com.st.stm32cube.ide.mcu.externaltools.gnu-tools-for-stm32.13.3.rel1.macos64_1.0.0.202411102158/tools/bin/../lib/gcc/arm-none-eabi/13.3.1/thumb/v8-m.main+fp/hard/crtend.o
LOAD /Applications/STM32CubeIDE.app/Contents/Eclipse/plugins/com.st.stm32cube.ide.mcu.externaltools.gnu-tools-for-stm32.13.3.rel1.macos64_1.0.0.202411102158/tools/bin/../lib/gcc/arm-none-eabi/13.3.1/thumb/v8-m.main+fp/hard/crtn.o
                0x20270000                        _estack = (ORIGIN (RAM) + LENGTH (RAM))
                0x00000200                        _Min_Heap_Size = 0x200
                0x00000400                        _Min_Stack_Size = 0x400

.isr_vector     0x08000000      0x250
 *(.isr_vector)
 .isr_vector    0x08000000      0x250 ./Core/Startup/startup_stm32u5a5zjtxq.o
                0x08000000                g_pfnVectors

.text           0x08000250     0xf89c
 *(.text)
 .text          0x08000250       0x40 /Applications/STM32CubeIDE.app/Contents/Eclipse/plugins/com.st.stm32cube.ide.mcu.externaltools.gnu-tools-for-stm32.13.3.rel1.macos64_1.0.0.202411102158/tools/bin/../lib/gcc/arm-none-eabi/13.3.1/thumb/v8-m.main+fp/hard/crtbegin.o
 .text          0x08000290      0x378 /Applications/STM32CubeIDE.app/Contents/Eclipse/plugins/com.st.stm32cube.ide.mcu.externaltools.gnu-tools-for-stm32.13.3.rel1.macos64_1.0.0.202411102158/tools/bin/../lib/gcc/arm-none-eabi/13.3.1/thumb/v8-m.main+fp/hard/libgcc.a(_arm_addsubdf3.o)
                0x08000290                __aeabi_drsub
                0x08000298                __subdf3
                0x08000298                __aeabi_dsub
                0x0800029c                __aeabi_dadd
                0x0800029c                __adddf3
                0x08000514                __aeabi_ui2d
                0x08000514                __floatunsidf
                0x08000534                __floatsidf
                0x08000534                __aeabi_i2d
                0x08000558                __extendsfdf2
                0x08000558                __aeabi_f2d
                0x0800059c                __aeabi_ul2d
                0x0800059c                __floatundidf
                0x080005ac                __aeabi_l2d
                0x080005ac                __floatdidf
 .text          0x08000608      0x424 /Applications/STM32CubeIDE.app/Contents/Eclipse/plugins/com.st.stm32cube.ide.mcu.externaltools.gnu-tools-for-stm32.13.3.rel1.macos64_1.0.0.202411102158/tools/bin/../lib/gcc/arm-none-eabi/13.3.1/thumb/v8-m.main+fp/hard/libgcc.a(_arm_muldivdf3.o)
                0x08000608                __aeabi_dmul
                0x08000608                __muldf3
                0x0800085c                __aeabi_ddiv
                0x0800085c                __divdf3
 .text          0x08000a2c      0x110 /Applications/STM32CubeIDE.app/Contents/Eclipse/plugins/com.st.stm32cube.ide.mcu.externaltools.gnu-tools-for-stm32.13.3.rel1.macos64_1.0.0.202411102158/tools/bin/../lib/gcc/arm-none-eabi/13.3.1/thumb/v8-m.main+fp/hard/libgcc.a(_arm_cmpdf2.o)
                0x08000a2c                __gedf2
                0x08000a2c                __gtdf2
                0x08000a34                __ledf2
                0x08000a34                __ltdf2
                0x08000a3c                __cmpdf2
                0x08000a3c                __eqdf2
                0x08000a3c                __nedf2
                0x08000ab8                __aeabi_cdrcmple
                0x08000ac8                __aeabi_cdcmple
                0x08000ac8                __aeabi_cdcmpeq
                0x08000ad8                __aeabi_dcmpeq
                0x08000aec                __aeabi_dcmplt
                0x08000b00                __aeabi_dcmple
                0x08000b14                __aeabi_dcmpge
                0x08000b28                __aeabi_dcmpgt
 .text          0x08000b3c       0x2c /Applications/STM32CubeIDE.app/Contents/Eclipse/plugins/com.st.stm32cube.ide.mcu.externaltools.gnu-tools-for-stm32.13.3.rel1.macos64_1.0.0.202411102158/tools/bin/../lib/gcc/arm-none-eabi/13.3.1/thumb/v8-m.main+fp/hard/libgcc.a(_arm_unorddf2.o)
                0x08000b3c                __aeabi_dcmpun
                0x08000b3c                __unorddf2
 .text          0x08000b68       0x40 /Applications/STM32CubeIDE.app/Contents/Eclipse/plugins/com.st.stm32cube.ide.mcu.externaltools.gnu-tools-for-stm32.13.3.rel1.macos64_1.0.0.202411102158/tools/bin/../lib/gcc/arm-none-eabi/13.3.1/thumb/v8-m.main+fp/hard/libgcc.a(_arm_fixunsdfsi.o)
                0x08000b68                __fixunsdfsi
                0x08000b68                __aeabi_d2uiz
 .text          0x08000ba8       0xa0 /Applications/STM32CubeIDE.app/Contents/Eclipse/plugins/com.st.stm32cube.ide.mcu.externaltools.gnu-tools-for-stm32.13.3.rel1.macos64_1.0.0.202411102158/tools/bin/../lib/gcc/arm-none-eabi/13.3.1/thumb/v8-m.main+fp/hard/libgcc.a(_arm_truncdfsf2.o)
                0x08000ba8                __aeabi_d2f
                0x08000ba8                __truncdfsf2
 .text          0x08000c48       0x30 /Applications/STM32CubeIDE.app/Contents/Eclipse/plugins/com.st.stm32cube.ide.mcu.externaltools.gnu-tools-for-stm32.13.3.rel1.macos64_1.0.0.202411102158/tools/bin/../lib/gcc/arm-none-eabi/13.3.1/thumb/v8-m.main+fp/hard/libgcc.a(_aeabi_uldivmod.o)
                0x08000c48                __aeabi_uldivmod
 .text          0x08000c78      0x348 /Applications/STM32CubeIDE.app/Contents/Eclipse/plugins/com.st.stm32cube.ide.mcu.externaltools.gnu-tools-for-stm32.13.3.rel1.macos64_1.0.0.202411102158/tools/bin/../lib/gcc/arm-none-eabi/13.3.1/thumb/v8-m.main+fp/hard/libgcc.a(_udivmoddi4.o)
                0x08000c78                __udivmoddi4
 .text          0x08000fc0        0x4 /Applications/STM32CubeIDE.app/Contents/Eclipse/plugins/com.st.stm32cube.ide.mcu.externaltools.gnu-tools-for-stm32.13.3.rel1.macos64_1.0.0.202411102158/tools/bin/../lib/gcc/arm-none-eabi/13.3.1/thumb/v8-m.main+fp/hard/libgcc.a(_dvmd_tls.o)
                0x08000fc0                __aeabi_ldiv0
                0x08000fc0                __aeabi_idiv0
 *(.text*)
 .text.write_pin
                0x08000fc4       0x24 ./Core/Src/main.o
 .text.allocate_sample_memory
                0x08000fe8       0x68 ./Core/Src/main.o
 .text.free_sample_memory
                0x08001050       0x18 ./Core/Src/main.o
 .text.wait_ms  0x08001068       0x18 ./Core/Src/main.o
 .text.enable_interrupt_timer
                0x08001080       0x2c ./Core/Src/main.o
 .text.main     0x080010ac      0x11c ./Core/Src/main.o
                0x080010ac                main
 .text.SystemClock_Config
                0x080011c8       0xb0 ./Core/Src/main.o
                0x080011c8                SystemClock_Config
 .text.SystemPower_Config
                0x08001278       0x20 ./Core/Src/main.o
 .text.MX_GPDMA1_Init
                0x08001298       0x60 ./Core/Src/main.o
 .text.MX_ICACHE_Init
                0x080012f8       0x26 ./Core/Src/main.o
 *fill*         0x0800131e        0x2 
 .text.MX_SPI3_Init
                0x08001320       0xe4 ./Core/Src/main.o
 .text.MX_TIM3_Init
                0x08001404       0xb0 ./Core/Src/main.o
 .text.MX_USART1_UART_Init
                0x080014b4       0xb0 ./Core/Src/main.o
 .text.MX_GPIO_Init
                0x08001564      0x208 ./Core/Src/main.o
 .text.Error_Handler
                0x0800176c        0xc ./Core/Src/main.o
                0x0800176c                Error_Handler
 .text.convert_command
                0x08001778       0x32 ./Core/Src/rhdinterface.o
 .text.calibrate_command
                0x080017aa       0x12 ./Core/Src/rhdinterface.o
 .text.write_command
                0x080017bc       0x38 ./Core/Src/rhdinterface.o
 .text.read_command
                0x080017f4       0x1e ./Core/Src/rhdinterface.o
 .text.write_pin
                0x08001812       0x24 ./Core/Src/rhdinterface.o
 .text.extract_error_code_bit
                0x08001836       0x34 ./Core/Src/rhdinterface.o
 *fill*         0x0800186a        0x2 
 .text.transfer_sequence_spi_dma
                0x0800186c       0x2c ./Core/Src/rhdinterface.o
 .text.spi_txrx_cplt_callback
                0x08001898       0x54 ./Core/Src/rhdinterface.o
 .text.spi_error_callback
                0x080018ec       0x18 ./Core/Src/rhdinterface.o
 .text.send_receive_spi_command
                0x08001904       0x48 ./Core/Src/rhdinterface.o
 .text.cycle_aux_commands
                0x0800194c       0x68 ./Core/Src/rhdinterface.o
 .text.handle_error
                0x080019b4       0x88 ./Core/Src/rhdinterface.o
                0x080019b4                handle_error
 .text.copy_next_aux_commands_to_MOSI
                0x08001a3c       0x44 ./Core/Src/rhdinterface.o
                0x08001a3c                copy_next_aux_commands_to_MOSI
 .text.sample_processing_routine
                0x08001a80       0x7c ./Core/Src/rhdinterface.o
                0x08001a80                sample_processing_routine
 .text.initialize_spi_with_dma
                0x08001afc        0xe ./Core/Src/rhdinterface.o
                0x08001afc                initialize_spi_with_dma
 .text.end_spi_with_dma
                0x08001b0a        0xe ./Core/Src/rhdinterface.o
                0x08001b0a                end_spi_with_dma
 .text.write_initial_reg_values
                0x08001b18       0xd6 ./Core/Src/rhdinterface.o
                0x08001b18                write_initial_reg_values
 *fill*         0x08001bee        0x2 
 .text.calculate_sample_rate
                0x08001bf0       0xbc ./Core/Src/rhdinterface.o
                0x08001bf0                calculate_sample_rate
 .text.send_spi_command
                0x08001cac       0x24 ./Core/Src/rhdinterface.o
                0x08001cac                send_spi_command
 .text.create_convert_sequence
                0x08001cd0       0x74 ./Core/Src/rhdinterface.o
                0x08001cd0                create_convert_sequence
 .text.create_command_list_RHD_register_config
                0x08001d44      0x376 ./Core/Src/rhdinterface.o
                0x08001d44                create_command_list_RHD_register_config
 .text.create_command_list_dummy
                0x080020ba       0x44 ./Core/Src/rhdinterface.o
                0x080020ba                create_command_list_dummy
 *fill*         0x080020fe        0x2 
 .text.HAL_SPI_TxRxCpltCallback
                0x08002100       0x20 ./Core/Src/rhdinterface.o
                0x08002100                HAL_SPI_TxRxCpltCallback
 .text.HAL_SPI_ErrorCallback
                0x08002120       0x14 ./Core/Src/rhdinterface.o
                0x08002120                HAL_SPI_ErrorCallback
 .text.HAL_UART_TxCpltCallback
                0x08002134       0x20 ./Core/Src/rhdinterface.o
                0x08002134                HAL_UART_TxCpltCallback
 .text.channel_out_of_range
                0x08002154       0x2c ./Core/Src/rhdregisters.o
 .text.set_DigOutHiZ
                0x08002180       0x20 ./Core/Src/rhdregisters.o
 .text.set_DSP_cutoff_freq
                0x080021a0      0x1cc ./Core/Src/rhdregisters.o
 .text.power_up_all_amps
                0x0800236c       0x34 ./Core/Src/rhdregisters.o
 .text.rH1_from_upper_bandwidth
                0x080023a0       0xc8 ./Core/Src/rhdregisters.o
 .text.rH2_from_upper_bandwidth
                0x08002468       0xc8 ./Core/Src/rhdregisters.o
 .text.rL_from_lower_bandwidth
                0x08002530      0x1bc ./Core/Src/rhdregisters.o
 *fill*         0x080026ec        0x4 
 .text.upper_bandwidth_from_rH1
                0x080026f0      0x13c ./Core/Src/rhdregisters.o
 *fill*         0x0800282c        0x4 
 .text.upper_bandwidth_from_rH2
                0x08002830      0x13c ./Core/Src/rhdregisters.o
 *fill*         0x0800296c        0x4 
 .text.lower_bandwidth_from_rL
                0x08002970      0x1ec ./Core/Src/rhdregisters.o
 *fill*         0x08002b5c        0x4 
 .text.set_upper_bandwidth
                0x08002b60      0x2fc ./Core/Src/rhdregisters.o
 *fill*         0x08002e5c        0x4 
 .text.set_lower_bandwidth
                0x08002e60      0x1e8 ./Core/Src/rhdregisters.o
 .text.set_biases_based_on_sample_rate
                0x08003048      0x188 ./Core/Src/rhdregisters.o
 .text.set_zcheck_scale
                0x080031d0       0x44 ./Core/Src/rhdregisters.o
                0x080031d0                set_zcheck_scale
 .text.set_zcheck_polarity
                0x08003214       0x28 ./Core/Src/rhdregisters.o
                0x08003214                set_zcheck_polarity
 .text.set_zcheck_channel
                0x0800323c       0x34 ./Core/Src/rhdregisters.o
                0x0800323c                set_zcheck_channel
 .text.set_default_rhd_settings
                0x08003270      0x120 ./Core/Src/rhdregisters.o
                0x08003270                set_default_rhd_settings
 .text.get_register_value
                0x08003390      0x314 ./Core/Src/rhdregisters.o
                0x08003390                get_register_value
 .text.HAL_MspInit
                0x080036a4       0x34 ./Core/Src/stm32u5xx_hal_msp.o
                0x080036a4                HAL_MspInit
 .text.HAL_SPI_MspInit
                0x080036d8      0x284 ./Core/Src/stm32u5xx_hal_msp.o
                0x080036d8                HAL_SPI_MspInit
 .text.HAL_TIM_OC_MspInit
                0x0800395c       0x50 ./Core/Src/stm32u5xx_hal_msp.o
                0x0800395c                HAL_TIM_OC_MspInit
 .text.HAL_UART_MspInit
                0x080039ac      0x1a0 ./Core/Src/stm32u5xx_hal_msp.o
                0x080039ac                HAL_UART_MspInit
 .text.NMI_Handler
                0x08003b4c        0x8 ./Core/Src/stm32u5xx_it.o
                0x08003b4c                NMI_Handler
 .text.HardFault_Handler
                0x08003b54        0x8 ./Core/Src/stm32u5xx_it.o
                0x08003b54                HardFault_Handler
 .text.MemManage_Handler
                0x08003b5c        0x8 ./Core/Src/stm32u5xx_it.o
                0x08003b5c                MemManage_Handler
 .text.BusFault_Handler
                0x08003b64        0x8 ./Core/Src/stm32u5xx_it.o
                0x08003b64                BusFault_Handler
 .text.UsageFault_Handler
                0x08003b6c        0x8 ./Core/Src/stm32u5xx_it.o
                0x08003b6c                UsageFault_Handler
 .text.SVC_Handler
                0x08003b74        0xe ./Core/Src/stm32u5xx_it.o
                0x08003b74                SVC_Handler
 .text.DebugMon_Handler
                0x08003b82        0xe ./Core/Src/stm32u5xx_it.o
                0x08003b82                DebugMon_Handler
 .text.PendSV_Handler
                0x08003b90        0xe ./Core/Src/stm32u5xx_it.o
                0x08003b90                PendSV_Handler
 *fill*         0x08003b9e        0x2 
 .text.SysTick_Handler
                0x08003ba0       0x24 ./Core/Src/stm32u5xx_it.o
                0x08003ba0                SysTick_Handler
 .text.GPDMA1_Channel0_IRQHandler
                0x08003bc4       0x14 ./Core/Src/stm32u5xx_it.o
                0x08003bc4                GPDMA1_Channel0_IRQHandler
 .text.TIM3_IRQHandler
                0x08003bd8       0x14 ./Core/Src/stm32u5xx_it.o
                0x08003bd8                TIM3_IRQHandler
 .text.USART1_IRQHandler
                0x08003bec       0x14 ./Core/Src/stm32u5xx_it.o
                0x08003bec                USART1_IRQHandler
 .text.GPDMA1_Channel12_IRQHandler
                0x08003c00       0x14 ./Core/Src/stm32u5xx_it.o
                0x08003c00                GPDMA1_Channel12_IRQHandler
 .text.GPDMA1_Channel13_IRQHandler
                0x08003c14       0x14 ./Core/Src/stm32u5xx_it.o
                0x08003c14                GPDMA1_Channel13_IRQHandler
 .text.SPI3_IRQHandler
                0x08003c28       0x14 ./Core/Src/stm32u5xx_it.o
                0x08003c28                SPI3_IRQHandler
 .text.HAL_TIM_PeriodElapsedCallback
                0x08003c3c       0x20 ./Core/Src/stm32u5xx_it.o
                0x08003c3c                HAL_TIM_PeriodElapsedCallback
 .text._sbrk    0x08003c5c       0x6c ./Core/Src/sysmem.o
                0x08003c5c                _sbrk
 .text.SystemInit
                0x08003cc8       0x70 ./Core/Src/system_stm32u5xx.o
                0x08003cc8                SystemInit
 .text.read_command
                0x08003d38       0x1e ./Core/Src/userfunctions.o
 .text.biquad_process
                0x08003d56      0x104 ./Core/Src/userfunctions.o
 *fill*         0x08003e5a        0x2 
 .text.init_bandpass_filter
                0x08003e5c      0x398 ./Core/Src/userfunctions.o
                0x08003e5c                init_bandpass_filter
 .text.loop_escape
                0x080041f4       0x10 ./Core/Src/userfunctions.o
                0x080041f4                loop_escape
 .text.write_data_to_memory
                0x08004204        0xe ./Core/Src/userfunctions.o
                0x08004204                write_data_to_memory
 *fill*         0x08004212        0x2 
 .text.transmit_data_realtime
                0x08004214      0x110 ./Core/Src/userfunctions.o
                0x08004214                transmit_data_realtime
 .text.transmit_data_offline
                0x08004324      0x10c ./Core/Src/userfunctions.o
                0x08004324                transmit_data_offline
 .text.configure_registers
                0x08004430       0x14 ./Core/Src/userfunctions.o
                0x08004430                configure_registers
 .text.configure_convert_commands
                0x08004444        0xe ./Core/Src/userfunctions.o
                0x08004444                configure_convert_commands
 *fill*         0x08004452        0x2 
 .text.configure_aux_commands
                0x08004454       0x4c ./Core/Src/userfunctions.o
                0x08004454                configure_aux_commands
 .text.transmit_dma_to_usart
                0x080044a0       0x30 ./Core/Src/userfunctions.o
                0x080044a0                transmit_dma_to_usart
 .text.Reset_Handler
                0x080044d0       0x50 ./Core/Startup/startup_stm32u5a5zjtxq.o
                0x080044d0                Reset_Handler
 .text.Default_Handler
                0x08004520        0x2 ./Core/Startup/startup_stm32u5a5zjtxq.o
                0x08004520                HASH_IRQHandler
                0x08004520                TIM8_TRG_COM_IRQHandler
                0x08004520                TIM8_CC_IRQHandler
                0x08004520                EXTI5_IRQHandler
                0x08004520                FLASH_S_IRQHandler
                0x08004520                EXTI13_IRQHandler
                0x08004520                TIM1_CC_IRQHandler
                0x08004520                TSC_IRQHandler
                0x08004520                TAMP_IRQHandler
                0x08004520                TIM6_IRQHandler
                0x08004520                EXTI12_IRQHandler
                0x08004520                CORDIC_IRQHandler
                0x08004520                EXTI3_IRQHandler
                0x08004520                LPTIM4_IRQHandler
                0x08004520                GPDMA1_Channel5_IRQHandler
                0x08004520                EXTI8_IRQHandler
                0x08004520                LPTIM2_IRQHandler
                0x08004520                I2C3_ER_IRQHandler
                0x08004520                I2C5_EV_IRQHandler
                0x08004520                PWR_S3WU_IRQHandler
                0x08004520                MDF1_FLT2_IRQHandler
                0x08004520                LPDMA1_Channel3_IRQHandler
                0x08004520                LPTIM3_IRQHandler
                0x08004520                EXTI0_IRQHandler
                0x08004520                I2C2_EV_IRQHandler
                0x08004520                FPU_IRQHandler
                0x08004520                GPDMA1_Channel3_IRQHandler
                0x08004520                GPDMA1_Channel7_IRQHandler
                0x08004520                MDF1_FLT4_IRQHandler
                0x08004520                FDCAN1_IT1_IRQHandler
                0x08004520                RAMCFG_IRQHandler
                0x08004520                ADC1_2_IRQHandler
                0x08004520                GPDMA1_Channel9_IRQHandler
                0x08004520                DCACHE1_IRQHandler
                0x08004520                SPI1_IRQHandler
                0x08004520                OCTOSPI1_IRQHandler
                0x08004520                GPDMA1_Channel2_IRQHandler
                0x08004520                TIM8_UP_IRQHandler
                0x08004520                RCC_S_IRQHandler
                0x08004520                OCTOSPI2_IRQHandler
                0x08004520                SAI2_IRQHandler
                0x08004520                MDF1_FLT1_IRQHandler
                0x08004520                PKA_IRQHandler
                0x08004520                USART6_IRQHandler
                0x08004520                MDF1_FLT5_IRQHandler
                0x08004520                EXTI15_IRQHandler
                0x08004520                TIM17_IRQHandler
                0x08004520                USART3_IRQHandler
                0x08004520                RTC_IRQHandler
                0x08004520                EXTI9_IRQHandler
                0x08004520                HSPI1_IRQHandler
                0x08004520                UART5_IRQHandler
                0x08004520                TIM4_IRQHandler
                0x08004520                I2C1_EV_IRQHandler
                0x08004520                GPDMA1_Channel1_IRQHandler
                0x08004520                TIM16_IRQHandler
                0x08004520                GPDMA1_Channel15_IRQHandler
                0x08004520                UART4_IRQHandler
                0x08004520                SecureFault_Handler
                0x08004520                RCC_IRQHandler
                0x08004520                TIM1_TRG_COM_IRQHandler
                0x08004520                Default_Handler
                0x08004520                GPDMA1_Channel8_IRQHandler
                0x08004520                FMAC_IRQHandler
                0x08004520                I2C5_ER_IRQHandler
                0x08004520                OTFDEC1_IRQHandler
                0x08004520                GPDMA1_Channel11_IRQHandler
                0x08004520                TIM7_IRQHandler
                0x08004520                SDMMC1_IRQHandler
                0x08004520                SAES_IRQHandler
                0x08004520                TIM5_IRQHandler
                0x08004520                UCPD1_IRQHandler
                0x08004520                TIM15_IRQHandler
                0x08004520                I2C3_EV_IRQHandler
                0x08004520                LPDMA1_Channel0_IRQHandler
                0x08004520                PVD_PVM_IRQHandler
                0x08004520                SPI2_IRQHandler
                0x08004520                LPDMA1_Channel1_IRQHandler
                0x08004520                EXTI14_IRQHandler
                0x08004520                EXTI11_IRQHandler
                0x08004520                OTFDEC2_IRQHandler
                0x08004520                CRS_IRQHandler
                0x08004520                GPDMA1_Channel14_IRQHandler
                0x08004520                LSECSSD_IRQHandler
                0x08004520                EXTI4_IRQHandler
                0x08004520                RTC_S_IRQHandler
                0x08004520                RNG_IRQHandler
                0x08004520                COMP_IRQHandler
                0x08004520                TIM1_UP_IRQHandler
                0x08004520                ADC4_IRQHandler
                0x08004520                WWDG_IRQHandler
                0x08004520                I2C4_EV_IRQHandler
                0x08004520                ADF1_IRQHandler
                0x08004520                IWDG_IRQHandler
                0x08004520                I2C6_ER_IRQHandler
                0x08004520                LPUART1_IRQHandler
                0x08004520                MDF1_FLT0_IRQHandler
                0x08004520                FDCAN1_IT0_IRQHandler
                0x08004520                TIM2_IRQHandler
                0x08004520                GPDMA1_Channel4_IRQHandler
                0x08004520                OTG_HS_IRQHandler
                0x08004520                EXTI7_IRQHandler
                0x08004520                DMA2D_IRQHandler
                0x08004520                TIM1_BRK_IRQHandler
                0x08004520                EXTI1_IRQHandler
                0x08004520                SDMMC2_IRQHandler
                0x08004520                AES_IRQHandler
                0x08004520                DAC1_IRQHandler
                0x08004520                GTZC_IRQHandler
                0x08004520                MDF1_FLT3_IRQHandler
                0x08004520                USART2_IRQHandler
                0x08004520                I2C6_EV_IRQHandler
                0x08004520                GPDMA1_Channel6_IRQHandler
                0x08004520                I2C2_ER_IRQHandler
                0x08004520                TIM8_BRK_IRQHandler
                0x08004520                FLASH_IRQHandler
                0x08004520                EXTI10_IRQHandler
                0x08004520                LPDMA1_Channel2_IRQHandler
                0x08004520                I2C1_ER_IRQHandler
                0x08004520                FMC_IRQHandler
                0x08004520                EXTI6_IRQHandler
                0x08004520                LPTIM1_IRQHandler
                0x08004520                DCMI_PSSI_IRQHandler
                0x08004520                I2C4_ER_IRQHandler
                0x08004520                GPDMA1_Channel10_IRQHandler
                0x08004520                ICACHE_IRQHandler
                0x08004520                SAI1_IRQHandler
                0x08004520                EXTI2_IRQHandler
 *fill*         0x08004522        0x2 
 .text.HAL_Init
                0x08004524       0x60 ./Drivers/STM32U5xx_HAL_Driver/Src/stm32u5xx_hal.o
                0x08004524                HAL_Init
 .text.HAL_InitTick
                0x08004584       0xec ./Drivers/STM32U5xx_HAL_Driver/Src/stm32u5xx_hal.o
                0x08004584                HAL_InitTick
 .text.HAL_IncTick
                0x08004670       0x28 ./Drivers/STM32U5xx_HAL_Driver/Src/stm32u5xx_hal.o
                0x08004670                HAL_IncTick
 .text.HAL_GetTick
                0x08004698       0x18 ./Drivers/STM32U5xx_HAL_Driver/Src/stm32u5xx_hal.o
                0x08004698                HAL_GetTick
 .text.HAL_Delay
                0x080046b0       0x48 ./Drivers/STM32U5xx_HAL_Driver/Src/stm32u5xx_hal.o
                0x080046b0                HAL_Delay
 .text.__NVIC_SetPriorityGrouping
                0x080046f8       0x48 ./Drivers/STM32U5xx_HAL_Driver/Src/stm32u5xx_hal_cortex.o
 .text.__NVIC_GetPriorityGrouping
                0x08004740       0x1c ./Drivers/STM32U5xx_HAL_Driver/Src/stm32u5xx_hal_cortex.o
 .text.__NVIC_EnableIRQ
                0x0800475c       0x3c ./Drivers/STM32U5xx_HAL_Driver/Src/stm32u5xx_hal_cortex.o
 .text.__NVIC_SetPriority
                0x08004798       0x54 ./Drivers/STM32U5xx_HAL_Driver/Src/stm32u5xx_hal_cortex.o
 .text.NVIC_EncodePriority
                0x080047ec       0x66 ./Drivers/STM32U5xx_HAL_Driver/Src/stm32u5xx_hal_cortex.o
 .text.HAL_NVIC_SetPriorityGrouping
                0x08004852       0x16 ./Drivers/STM32U5xx_HAL_Driver/Src/stm32u5xx_hal_cortex.o
                0x08004852                HAL_NVIC_SetPriorityGrouping
 .text.HAL_NVIC_SetPriority
                0x08004868       0x34 ./Drivers/STM32U5xx_HAL_Driver/Src/stm32u5xx_hal_cortex.o
                0x08004868                HAL_NVIC_SetPriority
 .text.HAL_NVIC_EnableIRQ
                0x0800489c       0x1c ./Drivers/STM32U5xx_HAL_Driver/Src/stm32u5xx_hal_cortex.o
                0x0800489c                HAL_NVIC_EnableIRQ
 .text.HAL_SYSTICK_Config
                0x080048b8       0x44 ./Drivers/STM32U5xx_HAL_Driver/Src/stm32u5xx_hal_cortex.o
                0x080048b8                HAL_SYSTICK_Config
 .text.HAL_SYSTICK_CLKSourceConfig
                0x080048fc       0xb0 ./Drivers/STM32U5xx_HAL_Driver/Src/stm32u5xx_hal_cortex.o
                0x080048fc                HAL_SYSTICK_CLKSourceConfig
 .text.HAL_SYSTICK_GetCLKSourceConfig
                0x080049ac       0x74 ./Drivers/STM32U5xx_HAL_Driver/Src/stm32u5xx_hal_cortex.o
                0x080049ac                HAL_SYSTICK_GetCLKSourceConfig
 .text.HAL_DMA_Init
                0x08004a20      0x258 ./Drivers/STM32U5xx_HAL_Driver/Src/stm32u5xx_hal_dma.o
                0x08004a20                HAL_DMA_Init
 .text.HAL_DMA_Start_IT
                0x08004c78       0xc0 ./Drivers/STM32U5xx_HAL_Driver/Src/stm32u5xx_hal_dma.o
                0x08004c78                HAL_DMA_Start_IT
 .text.HAL_DMA_Abort
                0x08004d38       0xf8 ./Drivers/STM32U5xx_HAL_Driver/Src/stm32u5xx_hal_dma.o
                0x08004d38                HAL_DMA_Abort
 .text.HAL_DMA_Abort_IT
                0x08004e30       0x52 ./Drivers/STM32U5xx_HAL_Driver/Src/stm32u5xx_hal_dma.o
                0x08004e30                HAL_DMA_Abort_IT
 .text.HAL_DMA_IRQHandler
                0x08004e82      0x2c2 ./Drivers/STM32U5xx_HAL_Driver/Src/stm32u5xx_hal_dma.o
                0x08004e82                HAL_DMA_IRQHandler
 .text.HAL_DMA_GetError
                0x08005144       0x18 ./Drivers/STM32U5xx_HAL_Driver/Src/stm32u5xx_hal_dma.o
                0x08005144                HAL_DMA_GetError
 .text.HAL_DMA_ConfigChannelAttributes
                0x0800515c       0x78 ./Drivers/STM32U5xx_HAL_Driver/Src/stm32u5xx_hal_dma.o
                0x0800515c                HAL_DMA_ConfigChannelAttributes
 .text.DMA_SetConfig
                0x080051d4       0x4a ./Drivers/STM32U5xx_HAL_Driver/Src/stm32u5xx_hal_dma.o
 *fill*         0x0800521e        0x2 
 .text.DMA_Init
                0x08005220      0x500 ./Drivers/STM32U5xx_HAL_Driver/Src/stm32u5xx_hal_dma.o
 .text.HAL_DMAEx_List_Start_IT
                0x08005720      0x128 ./Drivers/STM32U5xx_HAL_Driver/Src/stm32u5xx_hal_dma_ex.o
                0x08005720                HAL_DMAEx_List_Start_IT
 .text.DMA_List_GetCLLRNodeInfo
                0x08005848       0x60 ./Drivers/STM32U5xx_HAL_Driver/Src/stm32u5xx_hal_dma_ex.o
 .text.HAL_GPIO_Init
                0x080058a8      0x3b0 ./Drivers/STM32U5xx_HAL_Driver/Src/stm32u5xx_hal_gpio.o
                0x080058a8                HAL_GPIO_Init
 .text.HAL_GPIO_WritePin
                0x08005c58       0x30 ./Drivers/STM32U5xx_HAL_Driver/Src/stm32u5xx_hal_gpio.o
                0x08005c58                HAL_GPIO_WritePin
 .text.HAL_ICACHE_ConfigAssociativityMode
                0x08005c88       0x40 ./Drivers/STM32U5xx_HAL_Driver/Src/stm32u5xx_hal_icache.o
                0x08005c88                HAL_ICACHE_ConfigAssociativityMode
 .text.HAL_ICACHE_Enable
                0x08005cc8       0x20 ./Drivers/STM32U5xx_HAL_Driver/Src/stm32u5xx_hal_icache.o
                0x08005cc8                HAL_ICACHE_Enable
 .text.HAL_PWREx_ControlVoltageScaling
                0x08005ce8       0xfc ./Drivers/STM32U5xx_HAL_Driver/Src/stm32u5xx_hal_pwr_ex.o
                0x08005ce8                HAL_PWREx_ControlVoltageScaling
 .text.HAL_PWREx_GetVoltageRange
                0x08005de4       0x1c ./Drivers/STM32U5xx_HAL_Driver/Src/stm32u5xx_hal_pwr_ex.o
                0x08005de4                HAL_PWREx_GetVoltageRange
 .text.HAL_PWREx_ConfigSupply
                0x08005e00       0xa0 ./Drivers/STM32U5xx_HAL_Driver/Src/stm32u5xx_hal_pwr_ex.o
                0x08005e00                HAL_PWREx_ConfigSupply
 .text.HAL_PWREx_EnableVddIO2
                0x08005ea0       0x20 ./Drivers/STM32U5xx_HAL_Driver/Src/stm32u5xx_hal_pwr_ex.o
                0x08005ea0                HAL_PWREx_EnableVddIO2
 .text.HAL_PWREx_DisableUCPDDeadBattery
                0x08005ec0       0x20 ./Drivers/STM32U5xx_HAL_Driver/Src/stm32u5xx_hal_pwr_ex.o
                0x08005ec0                HAL_PWREx_DisableUCPDDeadBattery
 .text.HAL_RCC_OscConfig
                0x08005ee0      0xdb8 ./Drivers/STM32U5xx_HAL_Driver/Src/stm32u5xx_hal_rcc.o
                0x08005ee0                HAL_RCC_OscConfig
 .text.HAL_RCC_ClockConfig
                0x08006c98      0x3e4 ./Drivers/STM32U5xx_HAL_Driver/Src/stm32u5xx_hal_rcc.o
                0x08006c98                HAL_RCC_ClockConfig
 .text.HAL_RCC_GetSysClockFreq
                0x0800707c      0x204 ./Drivers/STM32U5xx_HAL_Driver/Src/stm32u5xx_hal_rcc.o
                0x0800707c                HAL_RCC_GetSysClockFreq
 .text.HAL_RCC_GetHCLKFreq
                0x08007280       0x34 ./Drivers/STM32U5xx_HAL_Driver/Src/stm32u5xx_hal_rcc.o
                0x08007280                HAL_RCC_GetHCLKFreq
 .text.HAL_RCC_GetPCLK1Freq
                0x080072b4       0x28 ./Drivers/STM32U5xx_HAL_Driver/Src/stm32u5xx_hal_rcc.o
                0x080072b4                HAL_RCC_GetPCLK1Freq
 .text.HAL_RCC_GetPCLK2Freq
                0x080072dc       0x28 ./Drivers/STM32U5xx_HAL_Driver/Src/stm32u5xx_hal_rcc.o
                0x080072dc                HAL_RCC_GetPCLK2Freq
 .text.HAL_RCC_GetPCLK3Freq
                0x08007304       0x28 ./Drivers/STM32U5xx_HAL_Driver/Src/stm32u5xx_hal_rcc.o
                0x08007304                HAL_RCC_GetPCLK3Freq
 .text.RCC_SetFlashLatencyFromMSIRange
                0x0800732c      0x10c ./Drivers/STM32U5xx_HAL_Driver/Src/stm32u5xx_hal_rcc.o
 .text.HAL_RCCEx_PeriphCLKConfig
                0x08007438      0xd78 ./Drivers/STM32U5xx_HAL_Driver/Src/stm32u5xx_hal_rcc_ex.o
                0x08007438                HAL_RCCEx_PeriphCLKConfig
 .text.HAL_RCCEx_GetPLL1ClockFreq
                0x080081b0      0x2b4 ./Drivers/STM32U5xx_HAL_Driver/Src/stm32u5xx_hal_rcc_ex.o
                0x080081b0                HAL_RCCEx_GetPLL1ClockFreq
 .text.HAL_RCCEx_GetPLL2ClockFreq
                0x08008464      0x2b4 ./Drivers/STM32U5xx_HAL_Driver/Src/stm32u5xx_hal_rcc_ex.o
                0x08008464                HAL_RCCEx_GetPLL2ClockFreq
 .text.HAL_RCCEx_GetPLL3ClockFreq
                0x08008718      0x2b4 ./Drivers/STM32U5xx_HAL_Driver/Src/stm32u5xx_hal_rcc_ex.o
                0x08008718                HAL_RCCEx_GetPLL3ClockFreq
 .text.HAL_RCCEx_GetPeriphCLKFreq
                0x080089cc     0x16bc ./Drivers/STM32U5xx_HAL_Driver/Src/stm32u5xx_hal_rcc_ex.o
                0x080089cc                HAL_RCCEx_GetPeriphCLKFreq
 .text.RCCEx_PLL2_Config
                0x0800a088      0x130 ./Drivers/STM32U5xx_HAL_Driver/Src/stm32u5xx_hal_rcc_ex.o
 .text.RCCEx_PLL3_Config
                0x0800a1b8      0x130 ./Drivers/STM32U5xx_HAL_Driver/Src/stm32u5xx_hal_rcc_ex.o
 .text.HAL_SPI_Init
                0x0800a2e8      0x22c ./Drivers/STM32U5xx_HAL_Driver/Src/stm32u5xx_hal_spi.o
                0x0800a2e8                HAL_SPI_Init
 .text.HAL_SPI_TransmitReceive_DMA
                0x0800a514      0x51c ./Drivers/STM32U5xx_HAL_Driver/Src/stm32u5xx_hal_spi.o
                0x0800a514                HAL_SPI_TransmitReceive_DMA
 .text.HAL_SPI_IRQHandler
                0x0800aa30      0x3a8 ./Drivers/STM32U5xx_HAL_Driver/Src/stm32u5xx_hal_spi.o
                0x0800aa30                HAL_SPI_IRQHandler
 .text.HAL_SPI_TxCpltCallback
                0x0800add8       0x14 ./Drivers/STM32U5xx_HAL_Driver/Src/stm32u5xx_hal_spi.o
                0x0800add8                HAL_SPI_TxCpltCallback
 .text.HAL_SPI_RxCpltCallback
                0x0800adec       0x14 ./Drivers/STM32U5xx_HAL_Driver/Src/stm32u5xx_hal_spi.o
                0x0800adec                HAL_SPI_RxCpltCallback
 .text.HAL_SPI_TxRxHalfCpltCallback
                0x0800ae00       0x14 ./Drivers/STM32U5xx_HAL_Driver/Src/stm32u5xx_hal_spi.o
                0x0800ae00                HAL_SPI_TxRxHalfCpltCallback
 .text.HAL_SPI_SuspendCallback
                0x0800ae14       0x14 ./Drivers/STM32U5xx_HAL_Driver/Src/stm32u5xx_hal_spi.o
                0x0800ae14                HAL_SPI_SuspendCallback
 .text.SPI_DMATransmitReceiveCplt
                0x0800ae28       0x52 ./Drivers/STM32U5xx_HAL_Driver/Src/stm32u5xx_hal_spi.o
 .text.SPI_DMAHalfTransmitReceiveCplt
                0x0800ae7a       0x1c ./Drivers/STM32U5xx_HAL_Driver/Src/stm32u5xx_hal_spi.o
 .text.SPI_DMAError
                0x0800ae96       0x46 ./Drivers/STM32U5xx_HAL_Driver/Src/stm32u5xx_hal_spi.o
 .text.SPI_DMAAbortOnError
                0x0800aedc       0x34 ./Drivers/STM32U5xx_HAL_Driver/Src/stm32u5xx_hal_spi.o
 .text.SPI_CloseTransfer
                0x0800af10      0x140 ./Drivers/STM32U5xx_HAL_Driver/Src/stm32u5xx_hal_spi.o
 .text.SPI_GetPacketSize
                0x0800b050       0x36 ./Drivers/STM32U5xx_HAL_Driver/Src/stm32u5xx_hal_spi.o
 .text.HAL_SPIEx_SetConfigAutonomousMode
                0x0800b086       0x82 ./Drivers/STM32U5xx_HAL_Driver/Src/stm32u5xx_hal_spi_ex.o
                0x0800b086                HAL_SPIEx_SetConfigAutonomousMode
 .text.HAL_TIM_Base_Start_IT
                0x0800b108      0x140 ./Drivers/STM32U5xx_HAL_Driver/Src/stm32u5xx_hal_tim.o
                0x0800b108                HAL_TIM_Base_Start_IT
 .text.HAL_TIM_Base_Stop_IT
                0x0800b248       0x5e ./Drivers/STM32U5xx_HAL_Driver/Src/stm32u5xx_hal_tim.o
                0x0800b248                HAL_TIM_Base_Stop_IT
 .text.HAL_TIM_OC_Init
                0x0800b2a6       0xae ./Drivers/STM32U5xx_HAL_Driver/Src/stm32u5xx_hal_tim.o
                0x0800b2a6                HAL_TIM_OC_Init
 .text.HAL_TIM_IRQHandler
                0x0800b354      0x29e ./Drivers/STM32U5xx_HAL_Driver/Src/stm32u5xx_hal_tim.o
                0x0800b354                HAL_TIM_IRQHandler
 *fill*         0x0800b5f2        0x2 
 .text.HAL_TIM_OC_ConfigChannel
                0x0800b5f4       0xf4 ./Drivers/STM32U5xx_HAL_Driver/Src/stm32u5xx_hal_tim.o
                0x0800b5f4                HAL_TIM_OC_ConfigChannel
 .text.HAL_TIM_OC_DelayElapsedCallback
                0x0800b6e8       0x14 ./Drivers/STM32U5xx_HAL_Driver/Src/stm32u5xx_hal_tim.o
                0x0800b6e8                HAL_TIM_OC_DelayElapsedCallback
 .text.HAL_TIM_IC_CaptureCallback
                0x0800b6fc       0x14 ./Drivers/STM32U5xx_HAL_Driver/Src/stm32u5xx_hal_tim.o
                0x0800b6fc                HAL_TIM_IC_CaptureCallback
 .text.HAL_TIM_PWM_PulseFinishedCallback
                0x0800b710       0x14 ./Drivers/STM32U5xx_HAL_Driver/Src/stm32u5xx_hal_tim.o
                0x0800b710                HAL_TIM_PWM_PulseFinishedCallback
 .text.HAL_TIM_TriggerCallback
                0x0800b724       0x14 ./Drivers/STM32U5xx_HAL_Driver/Src/stm32u5xx_hal_tim.o
                0x0800b724                HAL_TIM_TriggerCallback
 .text.TIM_Base_SetConfig
                0x0800b738      0x200 ./Drivers/STM32U5xx_HAL_Driver/Src/stm32u5xx_hal_tim.o
                0x0800b738                TIM_Base_SetConfig
 .text.TIM_OC1_SetConfig
                0x0800b938      0x184 ./Drivers/STM32U5xx_HAL_Driver/Src/stm32u5xx_hal_tim.o
 .text.TIM_OC2_SetConfig
                0x0800babc      0x160 ./Drivers/STM32U5xx_HAL_Driver/Src/stm32u5xx_hal_tim.o
                0x0800babc                TIM_OC2_SetConfig
 .text.TIM_OC3_SetConfig
                0x0800bc1c      0x15c ./Drivers/STM32U5xx_HAL_Driver/Src/stm32u5xx_hal_tim.o
 .text.TIM_OC4_SetConfig
                0x0800bd78      0x160 ./Drivers/STM32U5xx_HAL_Driver/Src/stm32u5xx_hal_tim.o
 .text.TIM_OC5_SetConfig
                0x0800bed8      0x104 ./Drivers/STM32U5xx_HAL_Driver/Src/stm32u5xx_hal_tim.o
 .text.TIM_OC6_SetConfig
                0x0800bfdc      0x108 ./Drivers/STM32U5xx_HAL_Driver/Src/stm32u5xx_hal_tim.o
 .text.HAL_TIMEx_MasterConfigSynchronization
                0x0800c0e4      0x184 ./Drivers/STM32U5xx_HAL_Driver/Src/stm32u5xx_hal_tim_ex.o
                0x0800c0e4                HAL_TIMEx_MasterConfigSynchronization
 .text.HAL_TIMEx_CommutCallback
                0x0800c268       0x14 ./Drivers/STM32U5xx_HAL_Driver/Src/stm32u5xx_hal_tim_ex.o
                0x0800c268                HAL_TIMEx_CommutCallback
 .text.HAL_TIMEx_BreakCallback
                0x0800c27c       0x14 ./Drivers/STM32U5xx_HAL_Driver/Src/stm32u5xx_hal_tim_ex.o
                0x0800c27c                HAL_TIMEx_BreakCallback
 .text.HAL_TIMEx_Break2Callback
                0x0800c290       0x14 ./Drivers/STM32U5xx_HAL_Driver/Src/stm32u5xx_hal_tim_ex.o
                0x0800c290                HAL_TIMEx_Break2Callback
 .text.HAL_TIMEx_EncoderIndexCallback
                0x0800c2a4       0x14 ./Drivers/STM32U5xx_HAL_Driver/Src/stm32u5xx_hal_tim_ex.o
                0x0800c2a4                HAL_TIMEx_EncoderIndexCallback
 .text.HAL_TIMEx_DirectionChangeCallback
                0x0800c2b8       0x14 ./Drivers/STM32U5xx_HAL_Driver/Src/stm32u5xx_hal_tim_ex.o
                0x0800c2b8                HAL_TIMEx_DirectionChangeCallback
 .text.HAL_TIMEx_IndexErrorCallback
                0x0800c2cc       0x14 ./Drivers/STM32U5xx_HAL_Driver/Src/stm32u5xx_hal_tim_ex.o
                0x0800c2cc                HAL_TIMEx_IndexErrorCallback
 .text.HAL_TIMEx_TransitionErrorCallback
                0x0800c2e0       0x14 ./Drivers/STM32U5xx_HAL_Driver/Src/stm32u5xx_hal_tim_ex.o
                0x0800c2e0                HAL_TIMEx_TransitionErrorCallback
 .text.HAL_UART_Init
                0x0800c2f4       0xa0 ./Drivers/STM32U5xx_HAL_Driver/Src/stm32u5xx_hal_uart.o
                0x0800c2f4                HAL_UART_Init
 .text.HAL_UART_Transmit_DMA
                0x0800c394      0x190 ./Drivers/STM32U5xx_HAL_Driver/Src/stm32u5xx_hal_uart.o
                0x0800c394                HAL_UART_Transmit_DMA
 .text.HAL_UART_IRQHandler
                0x0800c524      0x64c ./Drivers/STM32U5xx_HAL_Driver/Src/stm32u5xx_hal_uart.o
                0x0800c524                HAL_UART_IRQHandler
 .text.HAL_UART_TxHalfCpltCallback
                0x0800cb70       0x14 ./Drivers/STM32U5xx_HAL_Driver/Src/stm32u5xx_hal_uart.o
                0x0800cb70                HAL_UART_TxHalfCpltCallback
 .text.HAL_UART_ErrorCallback
                0x0800cb84       0x14 ./Drivers/STM32U5xx_HAL_Driver/Src/stm32u5xx_hal_uart.o
                0x0800cb84                HAL_UART_ErrorCallback
 .text.HAL_UARTEx_RxEventCallback
                0x0800cb98       0x18 ./Drivers/STM32U5xx_HAL_Driver/Src/stm32u5xx_hal_uart.o
                0x0800cb98                HAL_UARTEx_RxEventCallback
 .text.UART_SetConfig
                0x0800cbb0      0x35c ./Drivers/STM32U5xx_HAL_Driver/Src/stm32u5xx_hal_uart.o
                0x0800cbb0                UART_SetConfig
 .text.UART_AdvFeatureConfig
                0x0800cf0c      0x144 ./Drivers/STM32U5xx_HAL_Driver/Src/stm32u5xx_hal_uart.o
                0x0800cf0c                UART_AdvFeatureConfig
 .text.UART_CheckIdleState
                0x0800d050      0x154 ./Drivers/STM32U5xx_HAL_Driver/Src/stm32u5xx_hal_uart.o
                0x0800d050                UART_CheckIdleState
 .text.UART_WaitOnFlagUntilTimeout
                0x0800d1a4       0xda ./Drivers/STM32U5xx_HAL_Driver/Src/stm32u5xx_hal_uart.o
                0x0800d1a4                UART_WaitOnFlagUntilTimeout
 .text.UART_EndTxTransfer
                0x0800d27e       0x82 ./Drivers/STM32U5xx_HAL_Driver/Src/stm32u5xx_hal_uart.o
 .text.UART_EndRxTransfer
                0x0800d300       0xcc ./Drivers/STM32U5xx_HAL_Driver/Src/stm32u5xx_hal_uart.o
 .text.UART_DMATransmitCplt
                0x0800d3cc       0x94 ./Drivers/STM32U5xx_HAL_Driver/Src/stm32u5xx_hal_uart.o
 .text.UART_DMATxHalfCplt
                0x0800d460       0x1c ./Drivers/STM32U5xx_HAL_Driver/Src/stm32u5xx_hal_uart.o
 .text.UART_DMAError
                0x0800d47c       0x80 ./Drivers/STM32U5xx_HAL_Driver/Src/stm32u5xx_hal_uart.o
 .text.UART_DMAAbortOnError
                0x0800d4fc       0x24 ./Drivers/STM32U5xx_HAL_Driver/Src/stm32u5xx_hal_uart.o
 .text.UART_EndTransmit_IT
                0x0800d520       0x56 ./Drivers/STM32U5xx_HAL_Driver/Src/stm32u5xx_hal_uart.o
 .text.HAL_UARTEx_RxFifoFullCallback
                0x0800d576       0x14 ./Drivers/STM32U5xx_HAL_Driver/Src/stm32u5xx_hal_uart_ex.o
                0x0800d576                HAL_UARTEx_RxFifoFullCallback
 .text.HAL_UARTEx_TxFifoEmptyCallback
                0x0800d58a       0x14 ./Drivers/STM32U5xx_HAL_Driver/Src/stm32u5xx_hal_uart_ex.o
                0x0800d58a                HAL_UARTEx_TxFifoEmptyCallback
 .text.HAL_UARTEx_DisableFifoMode
                0x0800d59e       0x72 ./Drivers/STM32U5xx_HAL_Driver/Src/stm32u5xx_hal_uart_ex.o
                0x0800d59e                HAL_UARTEx_DisableFifoMode
 .text.HAL_UARTEx_SetTxFifoThreshold
                0x0800d610       0x7c ./Drivers/STM32U5xx_HAL_Driver/Src/stm32u5xx_hal_uart_ex.o
                0x0800d610                HAL_UARTEx_SetTxFifoThreshold
 .text.HAL_UARTEx_SetRxFifoThreshold
                0x0800d68c       0x7c ./Drivers/STM32U5xx_HAL_Driver/Src/stm32u5xx_hal_uart_ex.o
                0x0800d68c                HAL_UARTEx_SetRxFifoThreshold
 .text.UARTEx_SetNbDataToProcess
                0x0800d708       0x9c ./Drivers/STM32U5xx_HAL_Driver/Src/stm32u5xx_hal_uart_ex.o
 .text.malloc   0x0800d7a4       0x10 /Applications/STM32CubeIDE.app/Contents/Eclipse/plugins/com.st.stm32cube.ide.mcu.externaltools.gnu-tools-for-stm32.13.3.rel1.macos64_1.0.0.202411102158/tools/bin/../lib/gcc/arm-none-eabi/13.3.1/../../../../arm-none-eabi/lib/thumb/v8-m.main+fp/hard/libc_nano.a(libc_a-malloc.o)
                0x0800d7a4                malloc
 .text.free     0x0800d7b4       0x10 /Applications/STM32CubeIDE.app/Contents/Eclipse/plugins/com.st.stm32cube.ide.mcu.externaltools.gnu-tools-for-stm32.13.3.rel1.macos64_1.0.0.202411102158/tools/bin/../lib/gcc/arm-none-eabi/13.3.1/../../../../arm-none-eabi/lib/thumb/v8-m.main+fp/hard/libc_nano.a(libc_a-malloc.o)
                0x0800d7b4                free
 .text.sbrk_aligned
                0x0800d7c4       0x44 /Applications/STM32CubeIDE.app/Contents/Eclipse/plugins/com.st.stm32cube.ide.mcu.externaltools.gnu-tools-for-stm32.13.3.rel1.macos64_1.0.0.202411102158/tools/bin/../lib/gcc/arm-none-eabi/13.3.1/../../../../arm-none-eabi/lib/thumb/v8-m.main+fp/hard/libc_nano.a(libc_a-mallocr.o)
 .text._malloc_r
                0x0800d808      0x100 /Applications/STM32CubeIDE.app/Contents/Eclipse/plugins/com.st.stm32cube.ide.mcu.externaltools.gnu-tools-for-stm32.13.3.rel1.macos64_1.0.0.202411102158/tools/bin/../lib/gcc/arm-none-eabi/13.3.1/../../../../arm-none-eabi/lib/thumb/v8-m.main+fp/hard/libc_nano.a(libc_a-mallocr.o)
                0x0800d808                _malloc_r
 .text.__malloc_lock
                0x0800d908        0xc /Applications/STM32CubeIDE.app/Contents/Eclipse/plugins/com.st.stm32cube.ide.mcu.externaltools.gnu-tools-for-stm32.13.3.rel1.macos64_1.0.0.202411102158/tools/bin/../lib/gcc/arm-none-eabi/13.3.1/../../../../arm-none-eabi/lib/thumb/v8-m.main+fp/hard/libc_nano.a(libc_a-mlock.o)
                0x0800d908                __malloc_lock
 .text.__malloc_unlock
                0x0800d914        0xc /Applications/STM32CubeIDE.app/Contents/Eclipse/plugins/com.st.stm32cube.ide.mcu.externaltools.gnu-tools-for-stm32.13.3.rel1.macos64_1.0.0.202411102158/tools/bin/../lib/gcc/arm-none-eabi/13.3.1/../../../../arm-none-eabi/lib/thumb/v8-m.main+fp/hard/libc_nano.a(libc_a-mlock.o)
                0x0800d914                __malloc_unlock
 .text.memset   0x0800d920       0x10 /Applications/STM32CubeIDE.app/Contents/Eclipse/plugins/com.st.stm32cube.ide.mcu.externaltools.gnu-tools-for-stm32.13.3.rel1.macos64_1.0.0.202411102158/tools/bin/../lib/gcc/arm-none-eabi/13.3.1/../../../../arm-none-eabi/lib/thumb/v8-m.main+fp/hard/libc_nano.a(libc_a-memset.o)
                0x0800d920                memset
 .text._sbrk_r  0x0800d930       0x20 /Applications/STM32CubeIDE.app/Contents/Eclipse/plugins/com.st.stm32cube.ide.mcu.externaltools.gnu-tools-for-stm32.13.3.rel1.macos64_1.0.0.202411102158/tools/bin/../lib/gcc/arm-none-eabi/13.3.1/../../../../arm-none-eabi/lib/thumb/v8-m.main+fp/hard/libc_nano.a(libc_a-sbrkr.o)
                0x0800d930                _sbrk_r
 .text.__errno  0x0800d950        0xc /Applications/STM32CubeIDE.app/Contents/Eclipse/plugins/com.st.stm32cube.ide.mcu.externaltools.gnu-tools-for-stm32.13.3.rel1.macos64_1.0.0.202411102158/tools/bin/../lib/gcc/arm-none-eabi/13.3.1/../../../../arm-none-eabi/lib/thumb/v8-m.main+fp/hard/libc_nano.a(libc_a-errno.o)
                0x0800d950                __errno
 .text.__libc_init_array
                0x0800d95c       0x48 /Applications/STM32CubeIDE.app/Contents/Eclipse/plugins/com.st.stm32cube.ide.mcu.externaltools.gnu-tools-for-stm32.13.3.rel1.macos64_1.0.0.202411102158/tools/bin/../lib/gcc/arm-none-eabi/13.3.1/../../../../arm-none-eabi/lib/thumb/v8-m.main+fp/hard/libc_nano.a(libc_a-init.o)
                0x0800d95c                __libc_init_array
 .text.__retarget_lock_acquire_recursive
                0x0800d9a4        0x2 /Applications/STM32CubeIDE.app/Contents/Eclipse/plugins/com.st.stm32cube.ide.mcu.externaltools.gnu-tools-for-stm32.13.3.rel1.macos64_1.0.0.202411102158/tools/bin/../lib/gcc/arm-none-eabi/13.3.1/../../../../arm-none-eabi/lib/thumb/v8-m.main+fp/hard/libc_nano.a(libc_a-lock.o)
                0x0800d9a4                __retarget_lock_acquire_recursive
 .text.__retarget_lock_release_recursive
                0x0800d9a6        0x2 /Applications/STM32CubeIDE.app/Contents/Eclipse/plugins/com.st.stm32cube.ide.mcu.externaltools.gnu-tools-for-stm32.13.3.rel1.macos64_1.0.0.202411102158/tools/bin/../lib/gcc/arm-none-eabi/13.3.1/../../../../arm-none-eabi/lib/thumb/v8-m.main+fp/hard/libc_nano.a(libc_a-lock.o)
                0x0800d9a6                __retarget_lock_release_recursive
 .text._free_r  0x0800d9a8       0x94 /Applications/STM32CubeIDE.app/Contents/Eclipse/plugins/com.st.stm32cube.ide.mcu.externaltools.gnu-tools-for-stm32.13.3.rel1.macos64_1.0.0.202411102158/tools/bin/../lib/gcc/arm-none-eabi/13.3.1/../../../../arm-none-eabi/lib/thumb/v8-m.main+fp/hard/libc_nano.a(libc_a-freer.o)
                0x0800d9a8                _free_r
 *fill*         0x0800da3c        0x4 
 .text.log      0x0800da40       0x7c /Applications/STM32CubeIDE.app/Contents/Eclipse/plugins/com.st.stm32cube.ide.mcu.externaltools.gnu-tools-for-stm32.13.3.rel1.macos64_1.0.0.202411102158/tools/bin/../lib/gcc/arm-none-eabi/13.3.1/../../../../arm-none-eabi/lib/thumb/v8-m.main+fp/hard/libm.a(libm_a-w_log.o)
                0x0800da40                log
 *fill*         0x0800dabc        0x4 
 .text.log10    0x0800dac0       0x7c /Applications/STM32CubeIDE.app/Contents/Eclipse/plugins/com.st.stm32cube.ide.mcu.externaltools.gnu-tools-for-stm32.13.3.rel1.macos64_1.0.0.202411102158/tools/bin/../lib/gcc/arm-none-eabi/13.3.1/../../../../arm-none-eabi/lib/thumb/v8-m.main+fp/hard/libm.a(libm_a-w_log10.o)
                0x0800dac0                log10
 .text.pow      0x0800db3c       0xe0 /Applications/STM32CubeIDE.app/Contents/Eclipse/plugins/com.st.stm32cube.ide.mcu.externaltools.gnu-tools-for-stm32.13.3.rel1.macos64_1.0.0.202411102158/tools/bin/../lib/gcc/arm-none-eabi/13.3.1/../../../../arm-none-eabi/lib/thumb/v8-m.main+fp/hard/libm.a(libm_a-w_pow.o)
                0x0800db3c                pow
 .text.cosf     0x0800dc1c       0x88 /Applications/STM32CubeIDE.app/Contents/Eclipse/plugins/com.st.stm32cube.ide.mcu.externaltools.gnu-tools-for-stm32.13.3.rel1.macos64_1.0.0.202411102158/tools/bin/../lib/gcc/arm-none-eabi/13.3.1/../../../../arm-none-eabi/lib/thumb/v8-m.main+fp/hard/libm.a(libm_a-sf_cos.o)
                0x0800dc1c                cosf
 .text.sqrt     0x0800dca4       0x58 /Applications/STM32CubeIDE.app/Contents/Eclipse/plugins/com.st.stm32cube.ide.mcu.externaltools.gnu-tools-for-stm32.13.3.rel1.macos64_1.0.0.202411102158/tools/bin/../lib/gcc/arm-none-eabi/13.3.1/../../../../arm-none-eabi/lib/thumb/v8-m.main+fp/hard/libm.a(libm_a-w_sqrt.o)
                0x0800dca4                sqrt
 .text.tanf     0x0800dcfc       0x58 /Applications/STM32CubeIDE.app/Contents/Eclipse/plugins/com.st.stm32cube.ide.mcu.externaltools.gnu-tools-for-stm32.13.3.rel1.macos64_1.0.0.202411102158/tools/bin/../lib/gcc/arm-none-eabi/13.3.1/../../../../arm-none-eabi/lib/thumb/v8-m.main+fp/hard/libm.a(libm_a-sf_tan.o)
                0x0800dcfc                tanf
 .text.finite   0x0800dd54       0x16 /Applications/STM32CubeIDE.app/Contents/Eclipse/plugins/com.st.stm32cube.ide.mcu.externaltools.gnu-tools-for-stm32.13.3.rel1.macos64_1.0.0.202411102158/tools/bin/../lib/gcc/arm-none-eabi/13.3.1/../../../../arm-none-eabi/lib/thumb/v8-m.main+fp/hard/libm.a(libm_a-s_finite.o)
                0x0800dd54                finite
 *fill*         0x0800dd6a        0x2 
 .text.__kernel_cosf
                0x0800dd6c       0xb0 /Applications/STM32CubeIDE.app/Contents/Eclipse/plugins/com.st.stm32cube.ide.mcu.externaltools.gnu-tools-for-stm32.13.3.rel1.macos64_1.0.0.202411102158/tools/bin/../lib/gcc/arm-none-eabi/13.3.1/../../../../arm-none-eabi/lib/thumb/v8-m.main+fp/hard/libm.a(libm_a-kf_cos.o)
                0x0800dd6c                __kernel_cosf
 .text.__kernel_sinf
                0x0800de1c       0x90 /Applications/STM32CubeIDE.app/Contents/Eclipse/plugins/com.st.stm32cube.ide.mcu.externaltools.gnu-tools-for-stm32.13.3.rel1.macos64_1.0.0.202411102158/tools/bin/../lib/gcc/arm-none-eabi/13.3.1/../../../../arm-none-eabi/lib/thumb/v8-m.main+fp/hard/libm.a(libm_a-kf_sin.o)
                0x0800de1c                __kernel_sinf
 .text.__kernel_tanf
                0x0800deac      0x1c0 /Applications/STM32CubeIDE.app/Contents/Eclipse/plugins/com.st.stm32cube.ide.mcu.externaltools.gnu-tools-for-stm32.13.3.rel1.macos64_1.0.0.202411102158/tools/bin/../lib/gcc/arm-none-eabi/13.3.1/../../../../arm-none-eabi/lib/thumb/v8-m.main+fp/hard/libm.a(libm_a-kf_tan.o)
                0x0800deac                __kernel_tanf
 .text.__ieee754_sqrt
                0x0800e06c      0x1b4 /Applications/STM32CubeIDE.app/Contents/Eclipse/plugins/com.st.stm32cube.ide.mcu.externaltools.gnu-tools-for-stm32.13.3.rel1.macos64_1.0.0.202411102158/tools/bin/../lib/gcc/arm-none-eabi/13.3.1/../../../../arm-none-eabi/lib/thumb/v8-m.main+fp/hard/libm.a(libm_a-e_sqrt.o)
                0x0800e06c                __ieee754_sqrt
 .text.nan      0x0800e220       0x10 /Applications/STM32CubeIDE.app/Contents/Eclipse/plugins/com.st.stm32cube.ide.mcu.externaltools.gnu-tools-for-stm32.13.3.rel1.macos64_1.0.0.202411102158/tools/bin/../lib/gcc/arm-none-eabi/13.3.1/../../../../arm-none-eabi/lib/thumb/v8-m.main+fp/hard/libm.a(libm_a-s_nan.o)
                0x0800e220                nan
 .text.__ieee754_log
                0x0800e230      0x364 /Applications/STM32CubeIDE.app/Contents/Eclipse/plugins/com.st.stm32cube.ide.mcu.externaltools.gnu-tools-for-stm32.13.3.rel1.macos64_1.0.0.202411102158/tools/bin/../lib/gcc/arm-none-eabi/13.3.1/../../../../arm-none-eabi/lib/thumb/v8-m.main+fp/hard/libm.a(libm_a-e_log.o)
                0x0800e230                __ieee754_log
 *fill*         0x0800e594        0x4 
 .text.__ieee754_log10
                0x0800e598      0x114 /Applications/STM32CubeIDE.app/Contents/Eclipse/plugins/com.st.stm32cube.ide.mcu.externaltools.gnu-tools-for-stm32.13.3.rel1.macos64_1.0.0.202411102158/tools/bin/../lib/gcc/arm-none-eabi/13.3.1/../../../../arm-none-eabi/lib/thumb/v8-m.main+fp/hard/libm.a(libm_a-e_log10.o)
                0x0800e598                __ieee754_log10
 *fill*         0x0800e6ac        0x4 
 .text.__ieee754_pow
                0x0800e6b0      0xa94 /Applications/STM32CubeIDE.app/Contents/Eclipse/plugins/com.st.stm32cube.ide.mcu.externaltools.gnu-tools-for-stm32.13.3.rel1.macos64_1.0.0.202411102158/tools/bin/../lib/gcc/arm-none-eabi/13.3.1/../../../../arm-none-eabi/lib/thumb/v8-m.main+fp/hard/libm.a(libm_a-e_pow.o)
                0x0800e6b0                __ieee754_pow
 .text.__ieee754_rem_pio2f
                0x0800f144      0x25c /Applications/STM32CubeIDE.app/Contents/Eclipse/plugins/com.st.stm32cube.ide.mcu.externaltools.gnu-tools-for-stm32.13.3.rel1.macos64_1.0.0.202411102158/tools/bin/../lib/gcc/arm-none-eabi/13.3.1/../../../../arm-none-eabi/lib/thumb/v8-m.main+fp/hard/libm.a(libm_a-ef_rem_pio2.o)
                0x0800f144                __ieee754_rem_pio2f
 .text.with_errno
                0x0800f3a0       0x24 /Applications/STM32CubeIDE.app/Contents/Eclipse/plugins/com.st.stm32cube.ide.mcu.externaltools.gnu-tools-for-stm32.13.3.rel1.macos64_1.0.0.202411102158/tools/bin/../lib/gcc/arm-none-eabi/13.3.1/../../../../arm-none-eabi/lib/thumb/v8-m.main+fp/hard/libm.a(libm_a-math_err.o)
 .text.xflow    0x0800f3c4       0x32 /Applications/STM32CubeIDE.app/Contents/Eclipse/plugins/com.st.stm32cube.ide.mcu.externaltools.gnu-tools-for-stm32.13.3.rel1.macos64_1.0.0.202411102158/tools/bin/../lib/gcc/arm-none-eabi/13.3.1/../../../../arm-none-eabi/lib/thumb/v8-m.main+fp/hard/libm.a(libm_a-math_err.o)
 *fill*         0x0800f3f6        0x2 
 .text.__math_uflow
                0x0800f3f8       0x10 /Applications/STM32CubeIDE.app/Contents/Eclipse/plugins/com.st.stm32cube.ide.mcu.externaltools.gnu-tools-for-stm32.13.3.rel1.macos64_1.0.0.202411102158/tools/bin/../lib/gcc/arm-none-eabi/13.3.1/../../../../arm-none-eabi/lib/thumb/v8-m.main+fp/hard/libm.a(libm_a-math_err.o)
                0x0800f3f8                __math_uflow
 .text.__math_oflow
                0x0800f408       0x10 /Applications/STM32CubeIDE.app/Contents/Eclipse/plugins/com.st.stm32cube.ide.mcu.externaltools.gnu-tools-for-stm32.13.3.rel1.macos64_1.0.0.202411102158/tools/bin/../lib/gcc/arm-none-eabi/13.3.1/../../../../arm-none-eabi/lib/thumb/v8-m.main+fp/hard/libm.a(libm_a-math_err.o)
                0x0800f408                __math_oflow
 .text.fabsf    0x0800f418        0xe /Applications/STM32CubeIDE.app/Contents/Eclipse/plugins/com.st.stm32cube.ide.mcu.externaltools.gnu-tools-for-stm32.13.3.rel1.macos64_1.0.0.202411102158/tools/bin/../lib/gcc/arm-none-eabi/13.3.1/../../../../arm-none-eabi/lib/thumb/v8-m.main+fp/hard/libm.a(libm_a-sf_fabs.o)
                0x0800f418                fabsf
 .text.fabs     0x0800f426       0x10 /Applications/STM32CubeIDE.app/Contents/Eclipse/plugins/com.st.stm32cube.ide.mcu.externaltools.gnu-tools-for-stm32.13.3.rel1.macos64_1.0.0.202411102158/tools/bin/../lib/gcc/arm-none-eabi/13.3.1/../../../../arm-none-eabi/lib/thumb/v8-m.main+fp/hard/libm.a(libm_a-s_fabs.o)
                0x0800f426                fabs
 *fill*         0x0800f436        0x2 
 .text.__kernel_rem_pio2f
                0x0800f438      0x4d4 /Applications/STM32CubeIDE.app/Contents/Eclipse/plugins/com.st.stm32cube.ide.mcu.externaltools.gnu-tools-for-stm32.13.3.rel1.macos64_1.0.0.202411102158/tools/bin/../lib/gcc/arm-none-eabi/13.3.1/../../../../arm-none-eabi/lib/thumb/v8-m.main+fp/hard/libm.a(libm_a-kf_rem_pio2.o)
                0x0800f438                __kernel_rem_pio2f
 *fill*         0x0800f90c        0x4 
 .text.scalbn   0x0800f910       0xf4 /Applications/STM32CubeIDE.app/Contents/Eclipse/plugins/com.st.stm32cube.ide.mcu.externaltools.gnu-tools-for-stm32.13.3.rel1.macos64_1.0.0.202411102158/tools/bin/../lib/gcc/arm-none-eabi/13.3.1/../../../../arm-none-eabi/lib/thumb/v8-m.main+fp/hard/libm.a(libm_a-s_scalbn.o)
                0x0800f910                scalbn
 .text.floorf   0x0800fa04        0x6 /Applications/STM32CubeIDE.app/Contents/Eclipse/plugins/com.st.stm32cube.ide.mcu.externaltools.gnu-tools-for-stm32.13.3.rel1.macos64_1.0.0.202411102158/tools/bin/../lib/gcc/arm-none-eabi/13.3.1/../../../../arm-none-eabi/lib/thumb/v8-m.main+fp/hard/libm.a(libm_a-sf_floor.o)
                0x0800fa04                floorf
 *fill*         0x0800fa0a        0x2 
 .text.scalbnf  0x0800fa0c       0xc8 /Applications/STM32CubeIDE.app/Contents/Eclipse/plugins/com.st.stm32cube.ide.mcu.externaltools.gnu-tools-for-stm32.13.3.rel1.macos64_1.0.0.202411102158/tools/bin/../lib/gcc/arm-none-eabi/13.3.1/../../../../arm-none-eabi/lib/thumb/v8-m.main+fp/hard/libm.a(libm_a-sf_scalbn.o)
                0x0800fa0c                scalbnf
 *(.glue_7)
 .glue_7        0x0800fad4        0x0 linker stubs
 *(.glue_7t)
 .glue_7t       0x0800fad4        0x0 linker stubs
 *(.eh_frame)
 .eh_frame      0x0800fad4        0x0 /Applications/STM32CubeIDE.app/Contents/Eclipse/plugins/com.st.stm32cube.ide.mcu.externaltools.gnu-tools-for-stm32.13.3.rel1.macos64_1.0.0.202411102158/tools/bin/../lib/gcc/arm-none-eabi/13.3.1/thumb/v8-m.main+fp/hard/crtbegin.o
 *(.init)
 .init          0x0800fad4        0x4 /Applications/STM32CubeIDE.app/Contents/Eclipse/plugins/com.st.stm32cube.ide.mcu.externaltools.gnu-tools-for-stm32.13.3.rel1.macos64_1.0.0.202411102158/tools/bin/../lib/gcc/arm-none-eabi/13.3.1/thumb/v8-m.main+fp/hard/crti.o
                0x0800fad4                _init
 .init          0x0800fad8        0x8 /Applications/STM32CubeIDE.app/Contents/Eclipse/plugins/com.st.stm32cube.ide.mcu.externaltools.gnu-tools-for-stm32.13.3.rel1.macos64_1.0.0.202411102158/tools/bin/../lib/gcc/arm-none-eabi/13.3.1/thumb/v8-m.main+fp/hard/crtn.o
 *(.fini)
 .fini          0x0800fae0        0x4 /Applications/STM32CubeIDE.app/Contents/Eclipse/plugins/com.st.stm32cube.ide.mcu.externaltools.gnu-tools-for-stm32.13.3.rel1.macos64_1.0.0.202411102158/tools/bin/../lib/gcc/arm-none-eabi/13.3.1/thumb/v8-m.main+fp/hard/crti.o
                0x0800fae0                _fini
 .fini          0x0800fae4        0x8 /Applications/STM32CubeIDE.app/Contents/Eclipse/plugins/com.st.stm32cube.ide.mcu.externaltools.gnu-tools-for-stm32.13.3.rel1.macos64_1.0.0.202411102158/tools/bin/../lib/gcc/arm-none-eabi/13.3.1/thumb/v8-m.main+fp/hard/crtn.o
                0x0800faec                        _etext = .

.vfp11_veneer   0x0800faec        0x0
 .vfp11_veneer  0x0800faec        0x0 linker stubs

.v4_bx          0x0800faec        0x0
 .v4_bx         0x0800faec        0x0 linker stubs

.iplt           0x0800faec        0x0
 .iplt          0x0800faec        0x0 /Applications/STM32CubeIDE.app/Contents/Eclipse/plugins/com.st.stm32cube.ide.mcu.externaltools.gnu-tools-for-stm32.13.3.rel1.macos64_1.0.0.202411102158/tools/bin/../lib/gcc/arm-none-eabi/13.3.1/thumb/v8-m.main+fp/hard/crtbegin.o

.rodata         0x0800faf0      0x518
 *(.rodata)
 *(.rodata*)
 .rodata.AHBPrescTable
                0x0800faf0       0x10 ./Core/Src/system_stm32u5xx.o
                0x0800faf0                AHBPrescTable
 .rodata.APBPrescTable
                0x0800fb00        0x8 ./Core/Src/system_stm32u5xx.o
                0x0800fb00                APBPrescTable
 .rodata.MSIRangeTable
                0x0800fb08       0x40 ./Core/Src/system_stm32u5xx.o
                0x0800fb08                MSIRangeTable
 .rodata.LPGPIO_Map
                0x0800fb48       0x80 ./Drivers/STM32U5xx_HAL_Driver/Src/stm32u5xx_hal_gpio.o
 .rodata.UARTPrescTable
                0x0800fbc8       0x18 ./Drivers/STM32U5xx_HAL_Driver/Src/stm32u5xx_hal_uart.o
                0x0800fbc8                UARTPrescTable
 .rodata.numerator.1
                0x0800fbe0        0x8 ./Drivers/STM32U5xx_HAL_Driver/Src/stm32u5xx_hal_uart_ex.o
 .rodata.denominator.0
                0x0800fbe8        0x8 ./Drivers/STM32U5xx_HAL_Driver/Src/stm32u5xx_hal_uart_ex.o
 .rodata.log.str1.1
                0x0800fbf0        0x1 /Applications/STM32CubeIDE.app/Contents/Eclipse/plugins/com.st.stm32cube.ide.mcu.externaltools.gnu-tools-for-stm32.13.3.rel1.macos64_1.0.0.202411102158/tools/bin/../lib/gcc/arm-none-eabi/13.3.1/../../../../arm-none-eabi/lib/thumb/v8-m.main+fp/hard/libm.a(libm_a-w_log.o)
 .rodata.log10.str1.1
                0x0800fbf1        0x1 /Applications/STM32CubeIDE.app/Contents/Eclipse/plugins/com.st.stm32cube.ide.mcu.externaltools.gnu-tools-for-stm32.13.3.rel1.macos64_1.0.0.202411102158/tools/bin/../lib/gcc/arm-none-eabi/13.3.1/../../../../arm-none-eabi/lib/thumb/v8-m.main+fp/hard/libm.a(libm_a-w_log10.o)
 *fill*         0x0800fbf1        0x7 
 .rodata.tiny   0x0800fbf8        0x8 /Applications/STM32CubeIDE.app/Contents/Eclipse/plugins/com.st.stm32cube.ide.mcu.externaltools.gnu-tools-for-stm32.13.3.rel1.macos64_1.0.0.202411102158/tools/bin/../lib/gcc/arm-none-eabi/13.3.1/../../../../arm-none-eabi/lib/thumb/v8-m.main+fp/hard/libm.a(libm_a-e_sqrt.o)
 .rodata.one    0x0800fc00        0x8 /Applications/STM32CubeIDE.app/Contents/Eclipse/plugins/com.st.stm32cube.ide.mcu.externaltools.gnu-tools-for-stm32.13.3.rel1.macos64_1.0.0.202411102158/tools/bin/../lib/gcc/arm-none-eabi/13.3.1/../../../../arm-none-eabi/lib/thumb/v8-m.main+fp/hard/libm.a(libm_a-e_sqrt.o)
 .rodata.dp_l   0x0800fc08       0x10 /Applications/STM32CubeIDE.app/Contents/Eclipse/plugins/com.st.stm32cube.ide.mcu.externaltools.gnu-tools-for-stm32.13.3.rel1.macos64_1.0.0.202411102158/tools/bin/../lib/gcc/arm-none-eabi/13.3.1/../../../../arm-none-eabi/lib/thumb/v8-m.main+fp/hard/libm.a(libm_a-e_pow.o)
 .rodata.dp_h   0x0800fc18       0x10 /Applications/STM32CubeIDE.app/Contents/Eclipse/plugins/com.st.stm32cube.ide.mcu.externaltools.gnu-tools-for-stm32.13.3.rel1.macos64_1.0.0.202411102158/tools/bin/../lib/gcc/arm-none-eabi/13.3.1/../../../../arm-none-eabi/lib/thumb/v8-m.main+fp/hard/libm.a(libm_a-e_pow.o)
 .rodata.bp     0x0800fc28       0x10 /Applications/STM32CubeIDE.app/Contents/Eclipse/plugins/com.st.stm32cube.ide.mcu.externaltools.gnu-tools-for-stm32.13.3.rel1.macos64_1.0.0.202411102158/tools/bin/../lib/gcc/arm-none-eabi/13.3.1/../../../../arm-none-eabi/lib/thumb/v8-m.main+fp/hard/libm.a(libm_a-e_pow.o)
 .rodata.npio2_hw
                0x0800fc38       0x80 /Applications/STM32CubeIDE.app/Contents/Eclipse/plugins/com.st.stm32cube.ide.mcu.externaltools.gnu-tools-for-stm32.13.3.rel1.macos64_1.0.0.202411102158/tools/bin/../lib/gcc/arm-none-eabi/13.3.1/../../../../arm-none-eabi/lib/thumb/v8-m.main+fp/hard/libm.a(libm_a-ef_rem_pio2.o)
 .rodata.two_over_pi
                0x0800fcb8      0x318 /Applications/STM32CubeIDE.app/Contents/Eclipse/plugins/com.st.stm32cube.ide.mcu.externaltools.gnu-tools-for-stm32.13.3.rel1.macos64_1.0.0.202411102158/tools/bin/../lib/gcc/arm-none-eabi/13.3.1/../../../../arm-none-eabi/lib/thumb/v8-m.main+fp/hard/libm.a(libm_a-ef_rem_pio2.o)
 .rodata.PIo2   0x0800ffd0       0x2c /Applications/STM32CubeIDE.app/Contents/Eclipse/plugins/com.st.stm32cube.ide.mcu.externaltools.gnu-tools-for-stm32.13.3.rel1.macos64_1.0.0.202411102158/tools/bin/../lib/gcc/arm-none-eabi/13.3.1/../../../../arm-none-eabi/lib/thumb/v8-m.main+fp/hard/libm.a(libm_a-kf_rem_pio2.o)
 .rodata.init_jk
                0x0800fffc        0xc /Applications/STM32CubeIDE.app/Contents/Eclipse/plugins/com.st.stm32cube.ide.mcu.externaltools.gnu-tools-for-stm32.13.3.rel1.macos64_1.0.0.202411102158/tools/bin/../lib/gcc/arm-none-eabi/13.3.1/../../../../arm-none-eabi/lib/thumb/v8-m.main+fp/hard/libm.a(libm_a-kf_rem_pio2.o)

.ARM.extab
 *(.ARM.extab* .gnu.linkonce.armextab.*)

.ARM            0x08010008        0x8
                0x08010008                        __exidx_start = .
 *(.ARM.exidx*)
 .ARM.exidx     0x08010008        0x8 /Applications/STM32CubeIDE.app/Contents/Eclipse/plugins/com.st.stm32cube.ide.mcu.externaltools.gnu-tools-for-stm32.13.3.rel1.macos64_1.0.0.202411102158/tools/bin/../lib/gcc/arm-none-eabi/13.3.1/thumb/v8-m.main+fp/hard/libgcc.a(_udivmoddi4.o)
                0x08010010                        __exidx_end = .

.preinit_array  0x08010010        0x0
                0x08010010                        PROVIDE (__preinit_array_start = .)
 *(.preinit_array*)
                0x08010010                        PROVIDE (__preinit_array_end = .)

.init_array     0x08010010        0x4
                0x08010010                        PROVIDE (__init_array_start = .)
 *(SORT_BY_NAME(.init_array.*))
 *(.init_array*)
 .init_array    0x08010010        0x4 /Applications/STM32CubeIDE.app/Contents/Eclipse/plugins/com.st.stm32cube.ide.mcu.externaltools.gnu-tools-for-stm32.13.3.rel1.macos64_1.0.0.202411102158/tools/bin/../lib/gcc/arm-none-eabi/13.3.1/thumb/v8-m.main+fp/hard/crtbegin.o
                0x08010014                        PROVIDE (__init_array_end = .)

.fini_array     0x08010014        0x4
                [!provide]                        PROVIDE (__fini_array_start = .)
 *(SORT_BY_NAME(.fini_array.*))
 *(.fini_array*)
 .fini_array    0x08010014        0x4 /Applications/STM32CubeIDE.app/Contents/Eclipse/plugins/com.st.stm32cube.ide.mcu.externaltools.gnu-tools-for-stm32.13.3.rel1.macos64_1.0.0.202411102158/tools/bin/../lib/gcc/arm-none-eabi/13.3.1/thumb/v8-m.main+fp/hard/crtbegin.o
                [!provide]                        PROVIDE (__fini_array_end = .)
                0x08010018                        _sidata = LOADADDR (.data)

.rel.dyn        0x08010018        0x0
 .rel.iplt      0x08010018        0x0 /Applications/STM32CubeIDE.app/Contents/Eclipse/plugins/com.st.stm32cube.ide.mcu.externaltools.gnu-tools-for-stm32.13.3.rel1.macos64_1.0.0.202411102158/tools/bin/../lib/gcc/arm-none-eabi/13.3.1/thumb/v8-m.main+fp/hard/crtbegin.o

.data           0x20000000       0x64 load address 0x08010018
                0x20000000                        _sdata = .
 *(.data)
 *(.data*)
 .data.per_channel_sample_memory_capacity
                0x20000000        0x4 ./Core/Src/rhdinterface.o
                0x20000000                per_channel_sample_memory_capacity
 .data.uart_ready
                0x20000004        0x1 ./Core/Src/rhdinterface.o
                0x20000004                uart_ready
 .data.command_transfer_state
                0x20000005        0x1 ./Core/Src/rhdinterface.o
 *fill*         0x20000006        0x2 
 .data.SystemCoreClock
                0x20000008        0x4 ./Core/Src/system_stm32u5xx.o
                0x20000008                SystemCoreClock
 .data.uwTickPrio
                0x2000000c        0x4 ./Drivers/STM32U5xx_HAL_Driver/Src/stm32u5xx_hal.o
                0x2000000c                uwTickPrio
 .data.uwTickFreq
                0x20000010        0x1 ./Drivers/STM32U5xx_HAL_Driver/Src/stm32u5xx_hal.o
                0x20000010                uwTickFreq
 *fill*         0x20000011        0x3 
 .data._impure_ptr
                0x20000014        0x4 /Applications/STM32CubeIDE.app/Contents/Eclipse/plugins/com.st.stm32cube.ide.mcu.externaltools.gnu-tools-for-stm32.13.3.rel1.macos64_1.0.0.202411102158/tools/bin/../lib/gcc/arm-none-eabi/13.3.1/../../../../arm-none-eabi/lib/thumb/v8-m.main+fp/hard/libc_nano.a(libc_a-impure.o)
                0x20000014                _impure_ptr
 .data._impure_data
                0x20000018       0x4c /Applications/STM32CubeIDE.app/Contents/Eclipse/plugins/com.st.stm32cube.ide.mcu.externaltools.gnu-tools-for-stm32.13.3.rel1.macos64_1.0.0.202411102158/tools/bin/../lib/gcc/arm-none-eabi/13.3.1/../../../../arm-none-eabi/lib/thumb/v8-m.main+fp/hard/libc_nano.a(libc_a-impure.o)
                0x20000018                _impure_data
 *(.RamFunc)
 *(.RamFunc*)
                0x20000064                        _edata = .

.igot.plt       0x20000064        0x0 load address 0x0801007c
 .igot.plt      0x20000064        0x0 /Applications/STM32CubeIDE.app/Contents/Eclipse/plugins/com.st.stm32cube.ide.mcu.externaltools.gnu-tools-for-stm32.13.3.rel1.macos64_1.0.0.202411102158/tools/bin/../lib/gcc/arm-none-eabi/13.3.1/thumb/v8-m.main+fp/hard/crtbegin.o

.bss            0x20000068      0x9a0 load address 0x0801007c
                0x20000068                        _sbss = .
                0x20000068                        __bss_start__ = _sbss
 *(.bss)
 .bss           0x20000068       0x1c /Applications/STM32CubeIDE.app/Contents/Eclipse/plugins/com.st.stm32cube.ide.mcu.externaltools.gnu-tools-for-stm32.13.3.rel1.macos64_1.0.0.202411102158/tools/bin/../lib/gcc/arm-none-eabi/13.3.1/thumb/v8-m.main+fp/hard/crtbegin.o
 *(.bss*)
 .bss.hspi3     0x20000084       0x90 ./Core/Src/main.o
                0x20000084                hspi3
 .bss.handle_GPDMA1_Channel13
                0x20000114       0x78 ./Core/Src/main.o
                0x20000114                handle_GPDMA1_Channel13
 .bss.handle_GPDMA1_Channel12
                0x2000018c       0x78 ./Core/Src/main.o
                0x2000018c                handle_GPDMA1_Channel12
 .bss.htim3     0x20000204       0x4c ./Core/Src/main.o
                0x20000204                htim3
 .bss.huart1    0x20000250       0x94 ./Core/Src/main.o
                0x20000250                huart1
 .bss.handle_GPDMA1_Channel0
                0x200002e4       0x78 ./Core/Src/main.o
                0x200002e4                handle_GPDMA1_Channel0
 .bss.command_sequence_MOSI
                0x2000035c       0x46 ./Core/Src/rhdinterface.o
                0x2000035c                command_sequence_MOSI
 *fill*         0x200003a2        0x2 
 .bss.command_sequence_MISO
                0x200003a4       0x46 ./Core/Src/rhdinterface.o
                0x200003a4                command_sequence_MISO
 *fill*         0x200003ea        0x2 
 .bss.next_aux_commands
                0x200003ec        0x6 ./Core/Src/rhdinterface.o
                0x200003ec                next_aux_commands
 .bss.sample_counter
                0x200003f2        0x2 ./Core/Src/rhdinterface.o
                0x200003f2                sample_counter
 .bss.sample_memory
                0x200003f4        0x4 ./Core/Src/rhdinterface.o
                0x200003f4                sample_memory
 .bss.aux_command_list
                0x200003f8      0x300 ./Core/Src/rhdinterface.o
                0x200003f8                aux_command_list
 .bss.main_loop_active
                0x200006f8        0x1 ./Core/Src/rhdinterface.o
                0x200006f8                main_loop_active
 .bss.sample_interrupt_occurred
                0x200006f9        0x1 ./Core/Src/rhdinterface.o
                0x200006f9                sample_interrupt_occurred
 .bss.main_pin_status
                0x200006fa        0x1 ./Core/Src/rhdinterface.o
                0x200006fa                main_pin_status
 *fill*         0x200006fb        0x5 
 .bss.parameters
                0x20000700       0x50 ./Core/Src/rhdinterface.o
                0x20000700                parameters
 .bss.aux_command_index
                0x20000750        0x1 ./Core/Src/rhdinterface.o
 .bss.reception_in_progress
                0x20000751        0x1 ./Core/Src/rhdinterface.o
 *fill*         0x20000752        0x6 
 .bss.SysTick_counter
                0x20000758        0x8 ./Core/Src/stm32u5xx_it.o
                0x20000758                SysTick_counter
 .bss.__sbrk_heap_end
                0x20000760        0x4 ./Core/Src/sysmem.o
 .bss.bandpass_filter
                0x20000764      0x150 ./Core/Src/userfunctions.o
 .bss.filtered_output
                0x200008b4        0x8 ./Core/Src/userfunctions.o
 .bss.uwTick    0x200008bc        0x4 ./Drivers/STM32U5xx_HAL_Driver/Src/stm32u5xx_hal.o
                0x200008bc                uwTick
 .bss.__malloc_sbrk_start
                0x200008c0        0x4 /Applications/STM32CubeIDE.app/Contents/Eclipse/plugins/com.st.stm32cube.ide.mcu.externaltools.gnu-tools-for-stm32.13.3.rel1.macos64_1.0.0.202411102158/tools/bin/../lib/gcc/arm-none-eabi/13.3.1/../../../../arm-none-eabi/lib/thumb/v8-m.main+fp/hard/libc_nano.a(libc_a-mallocr.o)
                0x200008c0                __malloc_sbrk_start
 .bss.__malloc_free_list
                0x200008c4        0x4 /Applications/STM32CubeIDE.app/Contents/Eclipse/plugins/com.st.stm32cube.ide.mcu.externaltools.gnu-tools-for-stm32.13.3.rel1.macos64_1.0.0.202411102158/tools/bin/../lib/gcc/arm-none-eabi/13.3.1/../../../../arm-none-eabi/lib/thumb/v8-m.main+fp/hard/libc_nano.a(libc_a-mallocr.o)
                0x200008c4                __malloc_free_list
 .bss.__sf      0x200008c8      0x138 /Applications/STM32CubeIDE.app/Contents/Eclipse/plugins/com.st.stm32cube.ide.mcu.externaltools.gnu-tools-for-stm32.13.3.rel1.macos64_1.0.0.202411102158/tools/bin/../lib/gcc/arm-none-eabi/13.3.1/../../../../arm-none-eabi/lib/thumb/v8-m.main+fp/hard/libc_nano.a(libc_a-findfp.o)
                0x200008c8                __sf
 .bss.__lock___malloc_recursive_mutex
                0x20000a00        0x1 /Applications/STM32CubeIDE.app/Contents/Eclipse/plugins/com.st.stm32cube.ide.mcu.externaltools.gnu-tools-for-stm32.13.3.rel1.macos64_1.0.0.202411102158/tools/bin/../lib/gcc/arm-none-eabi/13.3.1/../../../../arm-none-eabi/lib/thumb/v8-m.main+fp/hard/libc_nano.a(libc_a-lock.o)
                0x20000a00                __lock___malloc_recursive_mutex
 *fill*         0x20000a01        0x3 
 .bss.errno     0x20000a04        0x4 /Applications/STM32CubeIDE.app/Contents/Eclipse/plugins/com.st.stm32cube.ide.mcu.externaltools.gnu-tools-for-stm32.13.3.rel1.macos64_1.0.0.202411102158/tools/bin/../lib/gcc/arm-none-eabi/13.3.1/../../../../arm-none-eabi/lib/thumb/v8-m.main+fp/hard/libc_nano.a(libc_a-reent.o)
                0x20000a04                errno
 *(COMMON)
                0x20000a08                        _ebss = .
                0x20000a08                        __bss_end__ = _ebss

._user_heap_stack
                0x20000a08      0x600 load address 0x0801007c
                0x20000a08                        . = ALIGN (0x8)
                [!provide]                        PROVIDE (end = .)
                0x20000a08                        PROVIDE (_end = .)
                0x20000c08                        . = (. + _Min_Heap_Size)
 *fill*         0x20000a08      0x200 
                0x20001008                        . = (. + _Min_Stack_Size)
 *fill*         0x20000c08      0x400 
                0x20001008                        . = ALIGN (0x8)

/DISCARD/
 libc.a(*)
 libm.a(*)
 libgcc.a(*)

.ARM.attributes
                0x00000000       0x36
 *(.ARM.attributes)
 .ARM.attributes
                0x00000000       0x26 /Applications/STM32CubeIDE.app/Contents/Eclipse/plugins/com.st.stm32cube.ide.mcu.externaltools.gnu-tools-for-stm32.13.3.rel1.macos64_1.0.0.202411102158/tools/bin/../lib/gcc/arm-none-eabi/13.3.1/thumb/v8-m.main+fp/hard/crti.o
 .ARM.attributes
                0x00000026       0x38 /Applications/STM32CubeIDE.app/Contents/Eclipse/plugins/com.st.stm32cube.ide.mcu.externaltools.gnu-tools-for-stm32.13.3.rel1.macos64_1.0.0.202411102158/tools/bin/../lib/gcc/arm-none-eabi/13.3.1/thumb/v8-m.main+fp/hard/crtbegin.o
 .ARM.attributes
                0x0000005e       0x3a ./Core/Src/main.o
 .ARM.attributes
                0x00000098       0x3a ./Core/Src/rhdinterface.o
 .ARM.attributes
                0x000000d2       0x3a ./Core/Src/rhdregisters.o
 .ARM.attributes
                0x0000010c       0x3a ./Core/Src/stm32u5xx_hal_msp.o
 .ARM.attributes
                0x00000146       0x3a ./Core/Src/stm32u5xx_it.o
 .ARM.attributes
                0x00000180       0x3a ./Core/Src/sysmem.o
 .ARM.attributes
                0x000001ba       0x3a ./Core/Src/system_stm32u5xx.o
 .ARM.attributes
                0x000001f4       0x3a ./Core/Src/userfunctions.o
 .ARM.attributes
                0x0000022e       0x24 ./Core/Startup/startup_stm32u5a5zjtxq.o
 .ARM.attributes
                0x00000252       0x3a ./Drivers/STM32U5xx_HAL_Driver/Src/stm32u5xx_hal.o
 .ARM.attributes
                0x0000028c       0x3a ./Drivers/STM32U5xx_HAL_Driver/Src/stm32u5xx_hal_cortex.o
 .ARM.attributes
                0x000002c6       0x3a ./Drivers/STM32U5xx_HAL_Driver/Src/stm32u5xx_hal_dma.o
 .ARM.attributes
                0x00000300       0x3a ./Drivers/STM32U5xx_HAL_Driver/Src/stm32u5xx_hal_dma_ex.o
 .ARM.attributes
                0x0000033a       0x3a ./Drivers/STM32U5xx_HAL_Driver/Src/stm32u5xx_hal_gpio.o
 .ARM.attributes
                0x00000374       0x3a ./Drivers/STM32U5xx_HAL_Driver/Src/stm32u5xx_hal_icache.o
 .ARM.attributes
                0x000003ae       0x3a ./Drivers/STM32U5xx_HAL_Driver/Src/stm32u5xx_hal_pwr_ex.o
 .ARM.attributes
                0x000003e8       0x3a ./Drivers/STM32U5xx_HAL_Driver/Src/stm32u5xx_hal_rcc.o
 .ARM.attributes
                0x00000422       0x3a ./Drivers/STM32U5xx_HAL_Driver/Src/stm32u5xx_hal_rcc_ex.o
 .ARM.attributes
                0x0000045c       0x3a ./Drivers/STM32U5xx_HAL_Driver/Src/stm32u5xx_hal_spi.o
 .ARM.attributes
                0x00000496       0x3a ./Drivers/STM32U5xx_HAL_Driver/Src/stm32u5xx_hal_spi_ex.o
 .ARM.attributes
                0x000004d0       0x3a ./Drivers/STM32U5xx_HAL_Driver/Src/stm32u5xx_hal_tim.o
 .ARM.attributes
                0x0000050a       0x3a ./Drivers/STM32U5xx_HAL_Driver/Src/stm32u5xx_hal_tim_ex.o
 .ARM.attributes
                0x00000544       0x3a ./Drivers/STM32U5xx_HAL_Driver/Src/stm32u5xx_hal_uart.o
 .ARM.attributes
                0x0000057e       0x3a ./Drivers/STM32U5xx_HAL_Driver/Src/stm32u5xx_hal_uart_ex.o
 .ARM.attributes
                0x000005b8       0x38 /Applications/STM32CubeIDE.app/Contents/Eclipse/plugins/com.st.stm32cube.ide.mcu.externaltools.gnu-tools-for-stm32.13.3.rel1.macos64_1.0.0.202411102158/tools/bin/../lib/gcc/arm-none-eabi/13.3.1/../../../../arm-none-eabi/lib/thumb/v8-m.main+fp/hard/libc_nano.a(libc_a-malloc.o)
 .ARM.attributes
                0x000005f0       0x38 /Applications/STM32CubeIDE.app/Contents/Eclipse/plugins/com.st.stm32cube.ide.mcu.externaltools.gnu-tools-for-stm32.13.3.rel1.macos64_1.0.0.202411102158/tools/bin/../lib/gcc/arm-none-eabi/13.3.1/../../../../arm-none-eabi/lib/thumb/v8-m.main+fp/hard/libc_nano.a(libc_a-mallocr.o)
 .ARM.attributes
                0x00000628       0x38 /Applications/STM32CubeIDE.app/Contents/Eclipse/plugins/com.st.stm32cube.ide.mcu.externaltools.gnu-tools-for-stm32.13.3.rel1.macos64_1.0.0.202411102158/tools/bin/../lib/gcc/arm-none-eabi/13.3.1/../../../../arm-none-eabi/lib/thumb/v8-m.main+fp/hard/libc_nano.a(libc_a-mlock.o)
 .ARM.attributes
                0x00000660       0x38 /Applications/STM32CubeIDE.app/Contents/Eclipse/plugins/com.st.stm32cube.ide.mcu.externaltools.gnu-tools-for-stm32.13.3.rel1.macos64_1.0.0.202411102158/tools/bin/../lib/gcc/arm-none-eabi/13.3.1/../../../../arm-none-eabi/lib/thumb/v8-m.main+fp/hard/libc_nano.a(libc_a-findfp.o)
 .ARM.attributes
                0x00000698       0x38 /Applications/STM32CubeIDE.app/Contents/Eclipse/plugins/com.st.stm32cube.ide.mcu.externaltools.gnu-tools-for-stm32.13.3.rel1.macos64_1.0.0.202411102158/tools/bin/../lib/gcc/arm-none-eabi/13.3.1/../../../../arm-none-eabi/lib/thumb/v8-m.main+fp/hard/libc_nano.a(libc_a-memset.o)
 .ARM.attributes
                0x000006d0       0x38 /Applications/STM32CubeIDE.app/Contents/Eclipse/plugins/com.st.stm32cube.ide.mcu.externaltools.gnu-tools-for-stm32.13.3.rel1.macos64_1.0.0.202411102158/tools/bin/../lib/gcc/arm-none-eabi/13.3.1/../../../../arm-none-eabi/lib/thumb/v8-m.main+fp/hard/libc_nano.a(libc_a-sbrkr.o)
 .ARM.attributes
                0x00000708       0x38 /Applications/STM32CubeIDE.app/Contents/Eclipse/plugins/com.st.stm32cube.ide.mcu.externaltools.gnu-tools-for-stm32.13.3.rel1.macos64_1.0.0.202411102158/tools/bin/../lib/gcc/arm-none-eabi/13.3.1/../../../../arm-none-eabi/lib/thumb/v8-m.main+fp/hard/libc_nano.a(libc_a-errno.o)
 .ARM.attributes
                0x00000740       0x38 /Applications/STM32CubeIDE.app/Contents/Eclipse/plugins/com.st.stm32cube.ide.mcu.externaltools.gnu-tools-for-stm32.13.3.rel1.macos64_1.0.0.202411102158/tools/bin/../lib/gcc/arm-none-eabi/13.3.1/../../../../arm-none-eabi/lib/thumb/v8-m.main+fp/hard/libc_nano.a(libc_a-init.o)
 .ARM.attributes
                0x00000778       0x38 /Applications/STM32CubeIDE.app/Contents/Eclipse/plugins/com.st.stm32cube.ide.mcu.externaltools.gnu-tools-for-stm32.13.3.rel1.macos64_1.0.0.202411102158/tools/bin/../lib/gcc/arm-none-eabi/13.3.1/../../../../arm-none-eabi/lib/thumb/v8-m.main+fp/hard/libc_nano.a(libc_a-lock.o)
 .ARM.attributes
                0x000007b0       0x38 /Applications/STM32CubeIDE.app/Contents/Eclipse/plugins/com.st.stm32cube.ide.mcu.externaltools.gnu-tools-for-stm32.13.3.rel1.macos64_1.0.0.202411102158/tools/bin/../lib/gcc/arm-none-eabi/13.3.1/../../../../arm-none-eabi/lib/thumb/v8-m.main+fp/hard/libc_nano.a(libc_a-reent.o)
 .ARM.attributes
                0x000007e8       0x38 /Applications/STM32CubeIDE.app/Contents/Eclipse/plugins/com.st.stm32cube.ide.mcu.externaltools.gnu-tools-for-stm32.13.3.rel1.macos64_1.0.0.202411102158/tools/bin/../lib/gcc/arm-none-eabi/13.3.1/../../../../arm-none-eabi/lib/thumb/v8-m.main+fp/hard/libc_nano.a(libc_a-impure.o)
 .ARM.attributes
                0x00000820       0x38 /Applications/STM32CubeIDE.app/Contents/Eclipse/plugins/com.st.stm32cube.ide.mcu.externaltools.gnu-tools-for-stm32.13.3.rel1.macos64_1.0.0.202411102158/tools/bin/../lib/gcc/arm-none-eabi/13.3.1/../../../../arm-none-eabi/lib/thumb/v8-m.main+fp/hard/libc_nano.a(libc_a-freer.o)
 .ARM.attributes
                0x00000858       0x38 /Applications/STM32CubeIDE.app/Contents/Eclipse/plugins/com.st.stm32cube.ide.mcu.externaltools.gnu-tools-for-stm32.13.3.rel1.macos64_1.0.0.202411102158/tools/bin/../lib/gcc/arm-none-eabi/13.3.1/../../../../arm-none-eabi/lib/thumb/v8-m.main+fp/hard/libm.a(libm_a-w_log.o)
 .ARM.attributes
                0x00000890       0x38 /Applications/STM32CubeIDE.app/Contents/Eclipse/plugins/com.st.stm32cube.ide.mcu.externaltools.gnu-tools-for-stm32.13.3.rel1.macos64_1.0.0.202411102158/tools/bin/../lib/gcc/arm-none-eabi/13.3.1/../../../../arm-none-eabi/lib/thumb/v8-m.main+fp/hard/libm.a(libm_a-w_log10.o)
 .ARM.attributes
                0x000008c8       0x38 /Applications/STM32CubeIDE.app/Contents/Eclipse/plugins/com.st.stm32cube.ide.mcu.externaltools.gnu-tools-for-stm32.13.3.rel1.macos64_1.0.0.202411102158/tools/bin/../lib/gcc/arm-none-eabi/13.3.1/../../../../arm-none-eabi/lib/thumb/v8-m.main+fp/hard/libm.a(libm_a-w_pow.o)
 .ARM.attributes
                0x00000900       0x38 /Applications/STM32CubeIDE.app/Contents/Eclipse/plugins/com.st.stm32cube.ide.mcu.externaltools.gnu-tools-for-stm32.13.3.rel1.macos64_1.0.0.202411102158/tools/bin/../lib/gcc/arm-none-eabi/13.3.1/../../../../arm-none-eabi/lib/thumb/v8-m.main+fp/hard/libm.a(libm_a-sf_cos.o)
 .ARM.attributes
                0x00000938       0x38 /Applications/STM32CubeIDE.app/Contents/Eclipse/plugins/com.st.stm32cube.ide.mcu.externaltools.gnu-tools-for-stm32.13.3.rel1.macos64_1.0.0.202411102158/tools/bin/../lib/gcc/arm-none-eabi/13.3.1/../../../../arm-none-eabi/lib/thumb/v8-m.main+fp/hard/libm.a(libm_a-w_sqrt.o)
 .ARM.attributes
                0x00000970       0x38 /Applications/STM32CubeIDE.app/Contents/Eclipse/plugins/com.st.stm32cube.ide.mcu.externaltools.gnu-tools-for-stm32.13.3.rel1.macos64_1.0.0.202411102158/tools/bin/../lib/gcc/arm-none-eabi/13.3.1/../../../../arm-none-eabi/lib/thumb/v8-m.main+fp/hard/libm.a(libm_a-sf_tan.o)
 .ARM.attributes
                0x000009a8       0x38 /Applications/STM32CubeIDE.app/Contents/Eclipse/plugins/com.st.stm32cube.ide.mcu.externaltools.gnu-tools-for-stm32.13.3.rel1.macos64_1.0.0.202411102158/tools/bin/../lib/gcc/arm-none-eabi/13.3.1/../../../../arm-none-eabi/lib/thumb/v8-m.main+fp/hard/libm.a(libm_a-s_finite.o)
 .ARM.attributes
                0x000009e0       0x38 /Applications/STM32CubeIDE.app/Contents/Eclipse/plugins/com.st.stm32cube.ide.mcu.externaltools.gnu-tools-for-stm32.13.3.rel1.macos64_1.0.0.202411102158/tools/bin/../lib/gcc/arm-none-eabi/13.3.1/../../../../arm-none-eabi/lib/thumb/v8-m.main+fp/hard/libm.a(libm_a-kf_cos.o)
 .ARM.attributes
                0x00000a18       0x38 /Applications/STM32CubeIDE.app/Contents/Eclipse/plugins/com.st.stm32cube.ide.mcu.externaltools.gnu-tools-for-stm32.13.3.rel1.macos64_1.0.0.202411102158/tools/bin/../lib/gcc/arm-none-eabi/13.3.1/../../../../arm-none-eabi/lib/thumb/v8-m.main+fp/hard/libm.a(libm_a-kf_sin.o)
 .ARM.attributes
                0x00000a50       0x38 /Applications/STM32CubeIDE.app/Contents/Eclipse/plugins/com.st.stm32cube.ide.mcu.externaltools.gnu-tools-for-stm32.13.3.rel1.macos64_1.0.0.202411102158/tools/bin/../lib/gcc/arm-none-eabi/13.3.1/../../../../arm-none-eabi/lib/thumb/v8-m.main+fp/hard/libm.a(libm_a-kf_tan.o)
 .ARM.attributes
                0x00000a88       0x38 /Applications/STM32CubeIDE.app/Contents/Eclipse/plugins/com.st.stm32cube.ide.mcu.externaltools.gnu-tools-for-stm32.13.3.rel1.macos64_1.0.0.202411102158/tools/bin/../lib/gcc/arm-none-eabi/13.3.1/../../../../arm-none-eabi/lib/thumb/v8-m.main+fp/hard/libm.a(libm_a-e_sqrt.o)
 .ARM.attributes
                0x00000ac0       0x38 /Applications/STM32CubeIDE.app/Contents/Eclipse/plugins/com.st.stm32cube.ide.mcu.externaltools.gnu-tools-for-stm32.13.3.rel1.macos64_1.0.0.202411102158/tools/bin/../lib/gcc/arm-none-eabi/13.3.1/../../../../arm-none-eabi/lib/thumb/v8-m.main+fp/hard/libm.a(libm_a-s_nan.o)
 .ARM.attributes
                0x00000af8       0x38 /Applications/STM32CubeIDE.app/Contents/Eclipse/plugins/com.st.stm32cube.ide.mcu.externaltools.gnu-tools-for-stm32.13.3.rel1.macos64_1.0.0.202411102158/tools/bin/../lib/gcc/arm-none-eabi/13.3.1/../../../../arm-none-eabi/lib/thumb/v8-m.main+fp/hard/libm.a(libm_a-e_log.o)
 .ARM.attributes
                0x00000b30       0x38 /Applications/STM32CubeIDE.app/Contents/Eclipse/plugins/com.st.stm32cube.ide.mcu.externaltools.gnu-tools-for-stm32.13.3.rel1.macos64_1.0.0.202411102158/tools/bin/../lib/gcc/arm-none-eabi/13.3.1/../../../../arm-none-eabi/lib/thumb/v8-m.main+fp/hard/libm.a(libm_a-e_log10.o)
 .ARM.attributes