../Drivers/STM32U5xx_HAL_Driver/Src/stm32u5xx_hal_spi.c:3742:13:SPI_RxISR_16BIT	0	static
../Drivers/STM32U5xx_HAL_Driver/Src/stm32u5xx_hal_spi.c:3770:13:SPI_RxISR_32BIT	0	static
../Drivers/STM32U5xx_HAL_Driver/Src/stm32u5xx_hal_spi.c:3813:13:SPI_TxISR_16BIT	0	static
../Drivers/STM32U5xx_HAL_Driver/Src/stm32u5xx_hal_spi.c:3840:13:SPI_TxISR_32BIT	0	static
../Drivers/STM32U5xx_HAL_Driver/Src/stm32u5xx_hal_spi.c:3861:13:SPI_AbortTransfer	0	static
../Drivers/STM32U5xx_HAL_Driver/Src/stm32u5xx_hal_spi.c:3900:13:SPI_CloseTransfer	0	static
../Drivers/STM32U5xx_HAL_Driver/Src/stm32u5xx_hal_spi.c:3720:13:SPI_RxISR_8BIT	0	static
../Drivers/STM32U5xx_HAL_Driver/Src/stm32u5xx_hal_spi.c:3792:13:SPI_TxISR_8BIT	0	static
../Drivers/STM32U5xx_HAL_Driver/Src/stm32u5xx_hal_spi.c:547:13:HAL_SPI_MspInit	0	static
../Drivers/STM32U5xx_HAL_Driver/Src/stm32u5xx_hal_spi.c:239:19:HAL_SPI_Init	24	static
../Drivers/STM32U5xx_HAL_Driver/Src/stm32u5xx_hal_spi.c:563:13:HAL_SPI_MspDeInit	0	static
../Drivers/STM32U5xx_HAL_Driver/Src/stm32u5xx_hal_spi.c:503:19:HAL_SPI_DeInit	8	static
../Drivers/STM32U5xx_HAL_Driver/Src/stm32u5xx_hal_spi.c:838:19:HAL_SPI_Transmit	32	static
../Drivers/STM32U5xx_HAL_Driver/Src/stm32u5xx_hal_spi.c:1072:19:HAL_SPI_Receive	32	static
../Drivers/STM32U5xx_HAL_Driver/Src/stm32u5xx_hal_spi.c:1352:19:HAL_SPI_TransmitReceive	40	static
../Drivers/STM32U5xx_HAL_Driver/Src/stm32u5xx_hal_spi.c:1689:19:HAL_SPI_Transmit_IT	12	static
../Drivers/STM32U5xx_HAL_Driver/Src/stm32u5xx_hal_spi.c:1783:19:HAL_SPI_Receive_IT	12	static
../Drivers/STM32U5xx_HAL_Driver/Src/stm32u5xx_hal_spi.c:1882:19:HAL_SPI_TransmitReceive_IT	12	static
../Drivers/STM32U5xx_HAL_Driver/Src/stm32u5xx_hal_spi.c:2012:19:HAL_SPI_Transmit_DMA	24	static
../Drivers/STM32U5xx_HAL_Driver/Src/stm32u5xx_hal_spi.c:2208:19:HAL_SPI_Receive_DMA	16	static
../Drivers/STM32U5xx_HAL_Driver/Src/stm32u5xx_hal_spi.c:2406:19:HAL_SPI_TransmitReceive_DMA	24	static
../Drivers/STM32U5xx_HAL_Driver/Src/stm32u5xx_hal_spi.c:2681:19:HAL_SPI_Abort	16	static
../Drivers/STM32U5xx_HAL_Driver/Src/stm32u5xx_hal_spi.c:2969:19:HAL_SPI_DMAPause	0	static
../Drivers/STM32U5xx_HAL_Driver/Src/stm32u5xx_hal_spi.c:2984:19:HAL_SPI_DMAResume	0	static
../Drivers/STM32U5xx_HAL_Driver/Src/stm32u5xx_hal_spi.c:2999:19:HAL_SPI_DMAStop	0	static
../Drivers/STM32U5xx_HAL_Driver/Src/stm32u5xx_hal_spi.c:3258:13:HAL_SPI_TxCpltCallback	0	static
../Drivers/STM32U5xx_HAL_Driver/Src/stm32u5xx_hal_spi.c:3459:13:SPI_DMATransmitCplt	8	static
../Drivers/STM32U5xx_HAL_Driver/Src/stm32u5xx_hal_spi.c:3274:13:HAL_SPI_RxCpltCallback	0	static
../Drivers/STM32U5xx_HAL_Driver/Src/stm32u5xx_hal_spi.c:3487:13:SPI_DMAReceiveCplt	8	static
../Drivers/STM32U5xx_HAL_Driver/Src/stm32u5xx_hal_spi.c:3290:13:HAL_SPI_TxRxCpltCallback	0	static
../Drivers/STM32U5xx_HAL_Driver/Src/stm32u5xx_hal_spi.c:3515:13:SPI_DMATransmitReceiveCplt	8	static
../Drivers/STM32U5xx_HAL_Driver/Src/stm32u5xx_hal_spi.c:3306:13:HAL_SPI_TxHalfCpltCallback	0	static
../Drivers/STM32U5xx_HAL_Driver/Src/stm32u5xx_hal_spi.c:3544:13:SPI_DMAHalfTransmitCplt	8	static
../Drivers/STM32U5xx_HAL_Driver/Src/stm32u5xx_hal_spi.c:3322:13:HAL_SPI_RxHalfCpltCallback	0	static
../Drivers/STM32U5xx_HAL_Driver/Src/stm32u5xx_hal_spi.c:3562:13:SPI_DMAHalfReceiveCplt	8	static
../Drivers/STM32U5xx_HAL_Driver/Src/stm32u5xx_hal_spi.c:3338:13:HAL_SPI_TxRxHalfCpltCallback	0	static
../Drivers/STM32U5xx_HAL_Driver/Src/stm32u5xx_hal_spi.c:3580:13:SPI_DMAHalfTransmitReceiveCplt	8	static
../Drivers/STM32U5xx_HAL_Driver/Src/stm32u5xx_hal_spi.c:3354:13:HAL_SPI_ErrorCallback	0	static
../Drivers/STM32U5xx_HAL_Driver/Src/stm32u5xx_hal_spi.c:3598:13:SPI_DMAError	8	static
../Drivers/STM32U5xx_HAL_Driver/Src/stm32u5xx_hal_spi.c:3624:13:SPI_DMAAbortOnError	8	static
../Drivers/STM32U5xx_HAL_Driver/Src/stm32u5xx_hal_spi.c:3372:13:HAL_SPI_AbortCpltCallback	0	static
../Drivers/STM32U5xx_HAL_Driver/Src/stm32u5xx_hal_spi.c:2814:19:HAL_SPI_Abort_IT	24	static
../Drivers/STM32U5xx_HAL_Driver/Src/stm32u5xx_hal_spi.c:3648:13:SPI_DMATxAbortCallback	8	static
../Drivers/STM32U5xx_HAL_Driver/Src/stm32u5xx_hal_spi.c:3685:13:SPI_DMARxAbortCallback	8	static
../Drivers/STM32U5xx_HAL_Driver/Src/stm32u5xx_hal_spi.c:3387:13:HAL_SPI_SuspendCallback	0	static
../Drivers/STM32U5xx_HAL_Driver/Src/stm32u5xx_hal_spi.c:3013:6:HAL_SPI_IRQHandler	32	static
../Drivers/STM32U5xx_HAL_Driver/Src/stm32u5xx_hal_spi.c:3422:22:HAL_SPI_GetState	0	static
../Drivers/STM32U5xx_HAL_Driver/Src/stm32u5xx_hal_spi.c:3434:10:HAL_SPI_GetError	0	static
