../Core/Inc/rhdinterface.h:121:20:write_pin	24	static
../Core/Inc/rhdinterface.h:147:20:allocate_sample_memory	16	static
../Core/Inc/rhdinterface.h:160:20:free_sample_memory	8	static
../Core/Inc/userfunctions.h:90:20:wait_ms	16	static
../Core/Inc/userfunctions.h:102:20:enable_interrupt_timer	16	static
../Core/Src/main.c:108:5:main	8	static
../Core/Src/main.c:241:6:SystemClock_Config	128	static
../Core/Src/main.c:293:13:SystemPower_Config	8	static
../Core/Src/main.c:318:13:MX_GPDMA1_Init	16	static
../Core/Src/main.c:350:13:MX_ICACHE_Init	8	static
../Core/Src/main.c:382:13:MX_SPI3_Init	24	static
../Core/Src/main.c:439:13:MX_TIM3_Init	48	static
../Core/Src/main.c:487:13:MX_USART1_UART_Init	8	static
../Core/Src/main.c:537:13:MX_GPIO_Init	56	static
../Core/Src/main.c:626:6:Error_Handler	4	static,ignoring_inline_asm
